Component: ARM Compiler 5.06 update 7 (build 960) Tool: armlink [4d3601]

==============================================================================

Section Cross References

    startup_stm32f407xx.o(STACK) refers (Special) to heapauxi.o(.text) for __use_two_region_memory
    startup_stm32f407xx.o(HEAP) refers (Special) to heapauxi.o(.text) for __use_two_region_memory
    startup_stm32f407xx.o(RESET) refers (Special) to heapauxi.o(.text) for __use_two_region_memory
    startup_stm32f407xx.o(RESET) refers to startup_stm32f407xx.o(STACK) for __initial_sp
    startup_stm32f407xx.o(RESET) refers to startup_stm32f407xx.o(.text) for Reset_Handler
    startup_stm32f407xx.o(RESET) refers to stm32f4xx_it.o(i.NMI_Handler) for NMI_Handler
    startup_stm32f407xx.o(RESET) refers to stm32f4xx_it.o(i.HardFault_Handler) for HardFault_Handler
    startup_stm32f407xx.o(RESET) refers to stm32f4xx_it.o(i.MemManage_Handler) for MemManage_Handler
    startup_stm32f407xx.o(RESET) refers to stm32f4xx_it.o(i.BusFault_Handler) for BusFault_Handler
    startup_stm32f407xx.o(RESET) refers to stm32f4xx_it.o(i.UsageFault_Handler) for UsageFault_Handler
    startup_stm32f407xx.o(RESET) refers to port.o(.emb_text) for SVC_Handler
    startup_stm32f407xx.o(RESET) refers to stm32f4xx_it.o(i.DebugMon_Handler) for DebugMon_Handler
    startup_stm32f407xx.o(RESET) refers to stm32f4xx_it.o(i.SysTick_Handler) for SysTick_Handler
    startup_stm32f407xx.o(RESET) refers to stm32f4xx_it.o(i.USART1_IRQHandler) for USART1_IRQHandler
    startup_stm32f407xx.o(RESET) refers to stm32f4xx_it.o(i.USART2_IRQHandler) for USART2_IRQHandler
    startup_stm32f407xx.o(RESET) refers to stm32f4xx_it.o(i.USART3_IRQHandler) for USART3_IRQHandler
    startup_stm32f407xx.o(RESET) refers to stm32f4xx_it.o(i.USART6_IRQHandler) for USART6_IRQHandler
    startup_stm32f407xx.o(.text) refers (Special) to heapauxi.o(.text) for __use_two_region_memory
    startup_stm32f407xx.o(.text) refers to system_stm32f4xx.o(i.SystemInit) for SystemInit
    startup_stm32f407xx.o(.text) refers to __main.o(!!!main) for __main
    startup_stm32f407xx.o(.text) refers to startup_stm32f407xx.o(HEAP) for Heap_Mem
    startup_stm32f407xx.o(.text) refers to startup_stm32f407xx.o(STACK) for Stack_Mem
    main.o(i.SystemClock_Config) refers to rt_memclr_w.o(.text) for __aeabi_memclr4
    main.o(i.SystemClock_Config) refers to stm32f4xx_hal_rcc.o(i.HAL_RCC_OscConfig) for HAL_RCC_OscConfig
    main.o(i.SystemClock_Config) refers to stm32f4xx_hal_rcc.o(i.HAL_RCC_ClockConfig) for HAL_RCC_ClockConfig
    main.o(i.main) refers to stm32f4xx_hal.o(i.HAL_Init) for HAL_Init
    main.o(i.main) refers to main.o(i.SystemClock_Config) for SystemClock_Config
    main.o(i.main) refers to gpio.o(i.MX_GPIO_Init) for MX_GPIO_Init
    main.o(i.main) refers to usart.o(i.MX_USART2_UART_Init) for MX_USART2_UART_Init
    main.o(i.main) refers to usart.o(i.MX_USART3_UART_Init) for MX_USART3_UART_Init
    main.o(i.main) refers to usart.o(i.MX_USART1_UART_Init) for MX_USART1_UART_Init
    main.o(i.main) refers to usart.o(i.MX_USART6_UART_Init) for MX_USART6_UART_Init
    main.o(i.main) refers to queue.o(i.xQueueGenericCreate) for xQueueGenericCreate
    main.o(i.main) refers to stm32f4xx_hal_uart.o(i.HAL_UART_Abort) for HAL_UART_Abort
    main.o(i.main) refers to stm32f4xx_hal_uart.o(i.HAL_UART_Receive_IT) for HAL_UART_Receive_IT
    main.o(i.main) refers to freertos.o(i.StartMovement) for StartMovement
    main.o(i.main) refers to cmsis_os2.o(i.osKernelInitialize) for osKernelInitialize
    main.o(i.main) refers to freertos.o(i.MX_FREERTOS_Init) for MX_FREERTOS_Init
    main.o(i.main) refers to cmsis_os2.o(i.osKernelStart) for osKernelStart
    main.o(i.main) refers to main.o(.data) for .data
    main.o(i.main) refers to usart.o(.bss) for huart2
    main.o(i.main) refers to main.o(.bss) for .bss
    freertos.o(i.MX_FREERTOS_Init) refers to freertos.o(i.StartMovement) for StartMovement
    freertos.o(i.ProcessCommand) refers to freertos.o(i.SendToLeftMotor) for SendToLeftMotor
    freertos.o(i.ProcessCommand) refers to freertos.o(i.SendToRightMotor) for SendToRightMotor
    freertos.o(i.SendToLeftMotor) refers to emm_v5.o(i.Emm_V5_Vel_Control_ZUO) for Emm_V5_Vel_Control_ZUO
    freertos.o(i.SendToRightMotor) refers to emm_v5.o(i.Emm_V5_Vel_Control_YOU) for Emm_V5_Vel_Control_YOU
    freertos.o(i.StartDefaultTask) refers to cmsis_os2.o(i.osDelay) for osDelay
    freertos.o(i.StartMovement) refers to tasks.o(i.xTaskCreate) for xTaskCreate
    freertos.o(i.StartMovement) refers to freertos.o(i.Uart6CommandTask) for Uart6CommandTask
    freertos.o(i.Uart6CommandTask) refers to queue.o(i.xQueueSemaphoreTake) for xQueueSemaphoreTake
    freertos.o(i.Uart6CommandTask) refers to rt_memcpy_v6.o(.text) for __aeabi_memcpy
    freertos.o(i.Uart6CommandTask) refers to stm32f4xx_hal_uart.o(i.HAL_UART_Receive_IT) for HAL_UART_Receive_IT
    freertos.o(i.Uart6CommandTask) refers to freertos.o(i.ProcessCommand) for ProcessCommand
[...]
    .ARM.Collect$$libshutdown$$00000002      0x08000206   Section        0  libshutdown2.o(.ARM.Collect$$libshutdown$$00000002)
    .ARM.Collect$$libshutdown$$00000004      0x08000206   Section        0  libshutdown2.o(.ARM.Collect$$libshutdown$$00000004)
    .ARM.Collect$$libshutdown$$00000006      0x08000206   Section        0  libshutdown2.o(.ARM.Collect$$libshutdown$$00000006)
    .ARM.Collect$$libshutdown$$00000009      0x08000206   Section        0  libshutdown2.o(.ARM.Collect$$libshutdown$$00000009)
    .ARM.Collect$$libshutdown$$0000000C      0x08000206   Section        0  libshutdown2.o(.ARM.Collect$$libshutdown$$0000000C)
    .ARM.Collect$$libshutdown$$0000000E      0x08000206   Section        0  libshutdown2.o(.ARM.Collect$$libshutdown$$0000000E)
    .ARM.Collect$$libshutdown$$00000011      0x08000206   Section        0  libshutdown2.o(.ARM.Collect$$libshutdown$$00000011)
    .ARM.Collect$$libshutdown$$00000012      0x08000206   Section        2  libshutdown2.o(.ARM.Collect$$libshutdown$$00000012)
    .ARM.Collect$$rtentry$$00000000          0x08000208   Section        0  __rtentry.o(.ARM.Collect$$rtentry$$00000000)
    .ARM.Collect$$rtentry$$00000002          0x08000208   Section        0  __rtentry2.o(.ARM.Collect$$rtentry$$00000002)
    .ARM.Collect$$rtentry$$00000004          0x08000208   Section        6  __rtentry4.o(.ARM.Collect$$rtentry$$00000004)
    .ARM.Collect$$rtentry$$00000009          0x0800020e   Section        0  __rtentry2.o(.ARM.Collect$$rtentry$$00000009)
    .ARM.Collect$$rtentry$$0000000A          0x0800020e   Section        4  __rtentry2.o(.ARM.Collect$$rtentry$$0000000A)
    .ARM.Collect$$rtentry$$0000000C          0x08000212   Section        0  __rtentry2.o(.ARM.Collect$$rtentry$$0000000C)
    .ARM.Collect$$rtentry$$0000000D          0x08000212   Section        8  __rtentry2.o(.ARM.Collect$$rtentry$$0000000D)
    .ARM.Collect$$rtexit$$00000000           0x0800021a   Section        2  rtexit.o(.ARM.Collect$$rtexit$$00000000)
    .ARM.Collect$$rtexit$$00000002           0x0800021c   Section        0  rtexit2.o(.ARM.Collect$$rtexit$$00000002)
    .ARM.Collect$$rtexit$$00000003           0x0800021c   Section        4  rtexit2.o(.ARM.Collect$$rtexit$$00000003)
    .ARM.Collect$$rtexit$$00000004           0x08000220   Section        6  rtexit2.o(.ARM.Collect$$rtexit$$00000004)
    .emb_text                                0x08000228   Section      190  port.o(.emb_text)
    $v0                                      0x08000228   Number         0  port.o(.emb_text)
    .text                                    0x080002e8   Section       64  startup_stm32f407xx.o(.text)
    $v0                                      0x080002e8   Number         0  startup_stm32f407xx.o(.text)
    .text                                    0x08000328   Section      238  lludivv7m.o(.text)
    .text                                    0x08000416   Section      138  rt_memcpy_v6.o(.text)
    .text                                    0x080004a0   Section       16  aeabi_memset.o(.text)
    .text                                    0x080004b0   Section       78  rt_memclr_w.o(.text)
    .text                                    0x080004fe   Section        0  heapauxi.o(.text)
    .text                                    0x08000504   Section      100  rt_memcpy_w.o(.text)
    .text                                    0x08000568   Section       68  rt_memclr.o(.text)
    .text                                    0x080005ac   Section       74  sys_stackheap_outer.o(.text)
    .text                                    0x080005f6   Section        0  exit.o(.text)
    .text                                    0x08000608   Section        8  libspace.o(.text)
    .text                                    0x08000610   Section        0  sys_exit.o(.text)
    .text                                    0x0800061c   Section        2  use_no_semi.o(.text)
    .text                                    0x0800061e   Section        0  indicate_semi.o(.text)
    i.BusFault_Handler                       0x0800061e   Section        0  stm32f4xx_it.o(i.BusFault_Handler)
    i.DebugMon_Handler                       0x08000620   Section        0  stm32f4xx_it.o(i.DebugMon_Handler)
    i.Emm_V5_Vel_Control_YOU                 0x08000624   Section        0  emm_v5.o(i.Emm_V5_Vel_Control_YOU)
    i.Emm_V5_Vel_Control_ZUO                 0x0800066c   Section        0  emm_v5.o(i.Emm_V5_Vel_Control_ZUO)
    i.Error_Handler                          0x080006b4   Section        0  main.o(i.Error_Handler)
    i.HAL_DMA_Abort                          0x080006b8   Section        0  stm32f4xx_hal_dma.o(i.HAL_DMA_Abort)
    i.HAL_DMA_Abort_IT                       0x0800074a   Section        0  stm32f4xx_hal_dma.o(i.HAL_DMA_Abort_IT)
    i.HAL_DMA_GetError                       0x0800076e   Section        0  stm32f4xx_hal_dma.o(i.HAL_DMA_GetError)
    i.HAL_GPIO_Init                          0x08000774   Section        0  stm32f4xx_hal_gpio.o(i.HAL_GPIO_Init)
    i.HAL_GetTick                            0x08000964   Section        0  stm32f4xx_hal.o(i.HAL_GetTick)
    i.HAL_IncTick                            0x08000970   Section        0  stm32f4xx_hal.o(i.HAL_IncTick)
    i.HAL_Init                               0x08000980   Section        0  stm32f4xx_hal.o(i.HAL_Init)
    i.HAL_InitTick                           0x080009b4   Section        0  stm32f4xx_hal.o(i.HAL_InitTick)
    i.HAL_MspInit                            0x080009f4   Section        0  stm32f4xx_hal_msp.o(i.HAL_MspInit)
    i.HAL_NVIC_EnableIRQ                     0x08000a2c   Section        0  stm32f4xx_hal_cortex.o(i.HAL_NVIC_EnableIRQ)
    i.HAL_NVIC_SetPriority                   0x08000a48   Section        0  stm32f4xx_hal_cortex.o(i.HAL_NVIC_SetPriority)
    i.HAL_NVIC_SetPriorityGrouping           0x08000a88   Section        0  stm32f4xx_hal_cortex.o(i.HAL_NVIC_SetPriorityGrouping)
    i.HAL_RCC_ClockConfig                    0x08000aac   Section        0  stm32f4xx_hal_rcc.o(i.HAL_RCC_ClockConfig)
    i.HAL_RCC_GetPCLK1Freq                   0x08000be0   Section        0  stm32f4xx_hal_rcc.o(i.HAL_RCC_GetPCLK1Freq)
    i.HAL_RCC_GetPCLK2Freq                   0x08000c00   Section        0  stm32f4xx_hal_rcc.o(i.HAL_RCC_GetPCLK2Freq)
    i.HAL_RCC_GetSysClockFreq                0x08000c20   Section        0  stm32f4xx_hal_rcc.o(i.HAL_RCC_GetSysClockFreq)
    i.HAL_RCC_OscConfig                      0x08000c84   Section        0  stm32f4xx_hal_rcc.o(i.HAL_RCC_OscConfig)
    i.HAL_SYSTICK_Config                     0x08000ff0   Section        0  stm32f4xx_hal_cortex.o(i.HAL_SYSTICK_Config)
    i.HAL_UARTEx_RxEventCallback             0x08001018   Section        0  stm32f4xx_hal_uart.o(i.HAL_UARTEx_RxEventCallback)
    i.HAL_UART_Abort                         0x0800101a   Section        0  stm32f4xx_hal_uart.o(i.HAL_UART_Abort)
    i.HAL_UART_ErrorCallback                 0x080010ec   Section        0  stm32f4xx_hal_uart.o(i.HAL_UART_ErrorCallback)
    i.HAL_UART_IRQHandler                    0x080010f0   Section        0  stm32f4xx_hal_uart.o(i.HAL_UART_IRQHandler)
    i.HAL_UART_Init                          0x08001370   Section        0  stm32f4xx_hal_uart.o(i.HAL_UART_Init)
    i.HAL_UART_MspInit                       0x080013d4   Section        0  usart.o(i.HAL_UART_MspInit)
    i.HAL_UART_Receive_IT                    0x08001550   Section        0  stm32f4xx_hal_uart.o(i.HAL_UART_Receive_IT)
    i.HAL_UART_RxCpltCallback                0x0800156c   Section        0  stm32f4xx_hal_uart.o(i.HAL_UART_RxCpltCallback)
    i.HAL_UART_Transmit                      0x0800156e   Section        0  stm32f4xx_hal_uart.o(i.HAL_UART_Transmit)
    i.HAL_UART_TxCpltCallback                0x0800160e   Section        0  stm32f4xx_hal_uart.o(i.HAL_UART_TxCpltCallback)
    i.HardFault_Handler                      0x08001610   Section        0  stm32f4xx_it.o(i.HardFault_Handler)
    i.MX_FREERTOS_Init                       0x08001612   Section        0  freertos.o(i.MX_FREERTOS_Init)
    i.MX_GPIO_Init                           0x08001618   Section        0  gpio.o(i.MX_GPIO_Init)
    i.MX_USART1_UART_Init                    0x08001664   Section        0  usart.o(i.MX_USART1_UART_Init)
    i.MX_USART2_UART_Init                    0x0800169c   Section        0  usart.o(i.MX_USART2_UART_Init)
    i.MX_USART3_UART_Init                    0x080016d4   Section        0  usart.o(i.MX_USART3_UART_Init)
    i.MX_USART6_UART_Init                    0x0800170c   Section        0  usart.o(i.MX_USART6_UART_Init)
    i.MemManage_Handler                      0x08001744   Section        0  stm32f4xx_it.o(i.MemManage_Handler)
    i.NMI_Handler                            0x08001746   Section        0  stm32f4xx_it.o(i.NMI_Handler)
    i.ProcessCommand                         0x08001748   Section        0  freertos.o(i.ProcessCommand)
    i.SendToLeftMotor                        0x0800179a   Section        0  freertos.o(i.SendToLeftMotor)
    i.SendToRightMotor                       0x080017b6   Section        0  freertos.o(i.SendToRightMotor)
    i.StartMovement                          0x080017d4   Section        0  freertos.o(i.StartMovement)
    i.SysTick_Handler                        0x08001800   Section        0  stm32f4xx_it.o(i.SysTick_Handler)
    i.SystemClock_Config                     0x08001818   Section        0  main.o(i.SystemClock_Config)
    i.SystemInit                             0x080018ac   Section        0  system_stm32f4xx.o(i.SystemInit)
    i.UART_DMAAbortOnError                   0x080018bc   Section        0  stm32f4xx_hal_uart.o(i.UART_DMAAbortOnError)
    UART_DMAAbortOnError                     0x080018bd   Thumb Code    14  stm32f4xx_hal_uart.o(i.UART_DMAAbortOnError)
    i.UART_EndRxTransfer                     0x080018ca   Section        0  stm32f4xx_hal_uart.o(i.UART_EndRxTransfer)
    UART_EndRxTransfer                       0x080018cb   Thumb Code    78  stm32f4xx_hal_uart.o(i.UART_EndRxTransfer)
    i.UART_Receive_IT                        0x08001918   Section        0  stm32f4xx_hal_uart.o(i.UART_Receive_IT)
    UART_Receive_IT                          0x08001919   Thumb Code   194  stm32f4xx_hal_uart.o(i.UART_Receive_IT)
    i.UART_SetConfig                         0x080019dc   Section        0  stm32f4xx_hal_uart.o(i.UART_SetConfig)
    UART_SetConfig                           0x080019dd   Thumb Code   258  stm32f4xx_hal_uart.o(i.UART_SetConfig)
    i.UART_Start_Receive_IT                  0x08001ae8   Section        0  stm32f4xx_hal_uart.o(i.UART_Start_Receive_IT)
    i.UART_WaitOnFlagUntilTimeout            0x08001b1e   Section        0  stm32f4xx_hal_uart.o(i.UART_WaitOnFlagUntilTimeout)
    UART_WaitOnFlagUntilTimeout              0x08001b1f   Thumb Code   114  stm32f4xx_hal_uart.o(i.UART_WaitOnFlagUntilTimeout)
    i.USART1_IRQHandler                      0x08001b90   Section        0  stm32f4xx_it.o(i.USART1_IRQHandler)
    i.USART2_IRQHandler                      0x08001b9c   Section        0  stm32f4xx_it.o(i.USART2_IRQHandler)
    i.USART3_IRQHandler                      0x08001c0c   Section        0  stm32f4xx_it.o(i.USART3_IRQHandler)
    i.USART6_IRQHandler                      0x08001c7c   Section        0  stm32f4xx_it.o(i.USART6_IRQHandler)
    i.Uart6CommandTask                       0x08001cf8   Section        0  freertos.o(i.Uart6CommandTask)
    i.UsageFault_Handler                     0x08001d48   Section        0  stm32f4xx_it.o(i.UsageFault_Handler)
    i.__NVIC_SetPriority                     0x08001d4a   Section        0  stm32f4xx_hal_cortex.o(i.__NVIC_SetPriority)
    __NVIC_SetPriority                       0x08001d4b   Thumb Code    32  stm32f4xx_hal_cortex.o(i.__NVIC_SetPriority)
    i.main                                   0x08001d6c   Section        0  main.o(i.main)
    i.osKernelInitialize                     0x08001e2c   Section        0  cmsis_os2.o(i.osKernelInitialize)
    i.osKernelStart                          0x08001e50   Section        0  cmsis_os2.o(i.osKernelStart)
    i.prvAddCurrentTaskToDelayedList         0x08001e88   Section        0  tasks.o(i.prvAddCurrentTaskToDelayedList)
    prvAddCurrentTaskToDelayedList           0x08001e89   Thumb Code    84  tasks.o(i.prvAddCurrentTaskToDelayedList)
    i.prvAddNewTaskToReadyList               0x08001ee4   Section        0  tasks.o(i.prvAddNewTaskToReadyList)
    prvAddNewTaskToReadyList                 0x08001ee5   Thumb Code   190  tasks.o(i.prvAddNewTaskToReadyList)
    i.prvCheckForValidListAndQueue           0x08001fb4   Section        0  timers.o(i.prvCheckForValidListAndQueue)
    prvCheckForValidListAndQueue             0x08001fb5   Thumb Code    72  timers.o(i.prvCheckForValidListAndQueue)
    i.prvCopyDataFromQueue                   0x0800200c   Section        0  queue.o(i.prvCopyDataFromQueue)
    prvCopyDataFromQueue                     0x0800200d   Thumb Code    38  queue.o(i.prvCopyDataFromQueue)
    i.prvCopyDataToQueue                     0x08002032   Section        0  queue.o(i.prvCopyDataToQueue)
    prvCopyDataToQueue                       0x08002033   Thumb Code   108  queue.o(i.prvCopyDataToQueue)
    i.prvDeleteTCB                           0x0800209e   Section        0  tasks.o(i.prvDeleteTCB)
    prvDeleteTCB                             0x0800209f   Thumb Code    52  tasks.o(i.prvDeleteTCB)
    i.prvHeapInit                            0x080020d4   Section        0  heap_4.o(i.prvHeapInit)
    prvHeapInit                              0x080020d5   Thumb Code    66  heap_4.o(i.prvHeapInit)
    i.prvIdleTask                            0x08002120   Section        0  tasks.o(i.prvIdleTask)
    prvIdleTask                              0x08002121   Thumb Code    82  tasks.o(i.prvIdleTask)
    i.prvInitialiseNewQueue                  0x08002180   Section        0  queue.o(i.prvInitialiseNewQueue)
    prvInitialiseNewQueue                    0x08002181   Thumb Code    34  queue.o(i.prvInitialiseNewQueue)
    i.prvInitialiseNewTask                   0x080021a4   Section        0  tasks.o(i.prvInitialiseNewTask)
    prvInitialiseNewTask                     0x080021a5   Thumb Code   176  tasks.o(i.prvInitialiseNewTask)
    i.prvInsertBlockIntoFreeList             0x08002254   Section        0  heap_4.o(i.prvInsertBlockIntoFreeList)
    prvInsertBlockIntoFreeList               0x08002255   Thumb Code    72  heap_4.o(i.prvInsertBlockIntoFreeList)
    i.prvInsertTimerInActiveList             0x080022a0   Section        0  timers.o(i.prvInsertTimerInActiveList)
    prvInsertTimerInActiveList               0x080022a1   Thumb Code    52  timers.o(i.prvInsertTimerInActiveList)
    i.prvIsQueueEmpty                        0x080022d8   Section        0  queue.o(i.prvIsQueueEmpty)
    prvIsQueueEmpty                          0x080022d9   Thumb Code    28  queue.o(i.prvIsQueueEmpty)
    i.prvProcessReceivedCommands             0x080022f4   Section        0  timers.o(i.prvProcessReceivedCommands)
    prvProcessReceivedCommands               0x080022f5   Thumb Code   248  timers.o(i.prvProcessReceivedCommands)
    i.prvProcessTimerOrBlockTask             0x080023f0   Section        0  timers.o(i.prvProcessTimerOrBlockTask)
    prvProcessTimerOrBlockTask               0x080023f1   Thumb Code   182  timers.o(i.prvProcessTimerOrBlockTask)
    i.prvResetNextTaskUnblockTime            0x080024b0   Section        0  tasks.o(i.prvResetNextTaskUnblockTime)
    prvResetNextTaskUnblockTime              0x080024b1   Thumb Code    26  tasks.o(i.prvResetNextTaskUnblockTime)
    i.prvSampleTimeNow                       0x080024d0   Section        0  timers.o(i.prvSampleTimeNow)
    prvSampleTimeNow                         0x080024d1   Thumb Code    36  timers.o(i.prvSampleTimeNow)
    i.prvSwitchTimerLists                    0x080024f8   Section        0  timers.o(i.prvSwitchTimerLists)
    prvSwitchTimerLists                      0x080024f9   Thumb Code   104  timers.o(i.prvSwitchTimerLists)
    i.prvTaskExitError                       0x08002564   Section        0  port.o(i.prvTaskExitError)
    prvTaskExitError                         0x08002565   Thumb Code    36  port.o(i.prvTaskExitError)
    i.prvTimerTask                           0x0800258c   Section        0  timers.o(i.prvTimerTask)
    prvTimerTask                             0x0800258d   Thumb Code    32  timers.o(i.prvTimerTask)
    i.prvUnlockQueue                         0x080025b0   Section        0  queue.o(i.prvUnlockQueue)
    prvUnlockQueue                           0x080025b1   Thumb Code   106  queue.o(i.prvUnlockQueue)
    i.pvPortMalloc                           0x0800261c   Section        0  heap_4.o(i.pvPortMalloc)
    i.pvTaskIncrementMutexHeldCount          0x080026f8   Section        0  tasks.o(i.pvTaskIncrementMutexHeldCount)
    i.pxPortInitialiseStack                  0x08002710   Section        0  port.o(i.pxPortInitialiseStack)
    i.uxListRemove                           0x0800273c   Section        0  list.o(i.uxListRemove)
    i.vApplicationGetIdleTaskMemory          0x08002764   Section        0  cmsis_os2.o(i.vApplicationGetIdleTaskMemory)
    i.vApplicationGetTimerTaskMemory         0x08002778   Section        0  cmsis_os2.o(i.vApplicationGetTimerTaskMemory)
    i.vListInitialise                        0x08002790   Section        0  list.o(i.vListInitialise)
    i.vListInitialiseItem                    0x080027a6   Section        0  list.o(i.vListInitialiseItem)
    i.vListInsert                            0x080027ac   Section        0  list.o(i.vListInsert)
    i.vListInsertEnd                         0x080027dc   Section        0  list.o(i.vListInsertEnd)
    i.vPortEnterCritical                     0x080027f4   Section        0  port.o(i.vPortEnterCritical)
    i.vPortExitCritical                      0x08002834   Section        0  port.o(i.vPortExitCritical)
    i.vPortFree                              0x0800285c   Section        0  heap_4.o(i.vPortFree)
    i.vPortSetupTimerInterrupt               0x080028c0   Section        0  port.o(i.vPortSetupTimerInterrupt)
    i.vPortValidateInterruptPriority         0x080028e4   Section        0  port.o(i.vPortValidateInterruptPriority)
    i.vQueueAddToRegistry                    0x08002938   Section        0  queue.o(i.vQueueAddToRegistry)
    i.vQueueWaitForMessageRestricted         0x08002960   Section        0  queue.o(i.vQueueWaitForMessageRestricted)
    i.vTaskInternalSetTimeOutState           0x080029a4   Section        0  tasks.o(i.vTaskInternalSetTimeOutState)
    i.vTaskMissedYield                       0x080029b4   Section        0  tasks.o(i.vTaskMissedYield)
    i.vTaskPlaceOnEventList                  0x080029c0   Section        0  tasks.o(i.vTaskPlaceOnEventList)
    i.vTaskPlaceOnEventListRestricted        0x080029f0   Section        0  tasks.o(i.vTaskPlaceOnEventListRestricted)
    i.vTaskPriorityDisinheritAfterTimeout    0x08002a28   Section        0  tasks.o(i.vTaskPriorityDisinheritAfterTimeout)
    i.vTaskStartScheduler                    0x08002ab8   Section        0  tasks.o(i.vTaskStartScheduler)
    i.vTaskSuspendAll                        0x08002b40   Section        0  tasks.o(i.vTaskSuspendAll)
    i.vTaskSwitchContext                     0x08002b50   Section        0  tasks.o(i.vTaskSwitchContext)
    i.xPortStartScheduler                    0x08002bb4   Section        0  port.o(i.xPortStartScheduler)
    i.xPortSysTickHandler                    0x08002ca8   Section        0  port.o(i.xPortSysTickHandler)
    i.xQueueGenericCreate                    0x08002cd4   Section        0  queue.o(i.xQueueGenericCreate)
    i.xQueueGenericCreateStatic              0x08002d16   Section        0  queue.o(i.xQueueGenericCreateStatic)
    i.xQueueGenericReset                     0x08002d7c   Section        0  queue.o(i.xQueueGenericReset)
    i.xQueueGenericSend                      0x08002e04   Section        0  queue.o(i.xQueueGenericSend)
    i.xQueueGenericSendFromISR               0x08002f64   Section        0  queue.o(i.xQueueGenericSendFromISR)
    i.xQueueGiveFromISR                      0x08003022   Section        0  queue.o(i.xQueueGiveFromISR)
    i.xQueueReceive                          0x080030c0   Section        0  queue.o(i.xQueueReceive)
    i.xQueueSemaphoreTake                    0x080031f8   Section        0  queue.o(i.xQueueSemaphoreTake)
    i.xTaskCheckForTimeOut                   0x08003370   Section        0  tasks.o(i.xTaskCheckForTimeOut)
    i.xTaskCreate                            0x080033e4   Section        0  tasks.o(i.xTaskCreate)
    i.xTaskCreateStatic                      0x0800343e   Section        0  tasks.o(i.xTaskCreateStatic)
    i.xTaskGetSchedulerState                 0x08003494   Section        0  tasks.o(i.xTaskGetSchedulerState)
    i.xTaskGetTickCount                      0x080034b0   Section        0  tasks.o(i.xTaskGetTickCount)
    i.xTaskIncrementTick                     0x080034bc   Section        0  tasks.o(i.xTaskIncrementTick)
    i.xTaskPriorityDisinherit                0x08003584   Section        0  tasks.o(i.xTaskPriorityDisinherit)
    i.xTaskPriorityInherit                   0x08003604   Section        0  tasks.o(i.xTaskPriorityInherit)
    i.xTaskRemoveFromEventList               0x0800367c   Section        0  tasks.o(i.xTaskRemoveFromEventList)
    i.xTaskResumeAll                         0x080036ec   Section        0  tasks.o(i.xTaskResumeAll)
    i.xTimerCreateTimerTask                  0x080037b0   Section        0  timers.o(i.xTimerCreateTimerTask)
    i.xTimerGenericCommand                   0x08003810   Section        0  timers.o(i.xTimerGenericCommand)
    x$fpl$fpinit                             0x08003878   Section       10  fpinit.o(x$fpl$fpinit)
    $v0                                      0x08003878   Number         0  fpinit.o(x$fpl$fpinit)
    .constdata                               0x08003882   Section       16  system_stm32f4xx.o(.constdata)
    .constdata                               0x08003892   Section        8  system_stm32f4xx.o(.constdata)
    .data                                    0x20000000   Section       12  main.o(.data)
    .data                                    0x2000000c   Section        2  main.o(.data)
    .data                                    0x2000000e   Section        2  main.o(.data)
    .data                                    0x20000010   Section        2  main.o(.data)
    .data                                    0x20000014   Section       12  stm32f4xx_hal.o(.data)
    .data                                    0x20000020   Section        4  system_stm32f4xx.o(.data)
    .data                                    0x20000024   Section       60  tasks.o(.data)
    uxDeletedTasksWaitingCleanUp             0x20000028   Data           4  tasks.o(.data)
    uxCurrentNumberOfTasks                   0x2000002c   Data           4  tasks.o(.data)
    xTickCount                               0x20000030   Data           4  tasks.o(.data)
    uxTopReadyPriority                       0x20000034   Data           4  tasks.o(.data)
    xSchedulerRunning                        0x20000038   Data           4  tasks.o(.data)
    xPendedTicks                             0x2000003c   Data           4  tasks.o(.data)
    xYieldPending                            0x20000040   Data           4  tasks.o(.data)
    xNumOfOverflows                          0x20000044   Data           4  tasks.o(.data)
    uxTaskNumber                             0x20000048   Data           4  tasks.o(.data)
    xNextTaskUnblockTime                     0x2000004c   Data           4  tasks.o(.data)
    xIdleTaskHandle                          0x20000050   Data           4  tasks.o(.data)
    uxSchedulerSuspended                     0x20000054   Data           4  tasks.o(.data)
    pxDelayedTaskList                        0x20000058   Data           4  tasks.o(.data)
    pxOverflowDelayedTaskList                0x2000005c   Data           4  tasks.o(.data)
    .data                                    0x20000060   Section       20  timers.o(.data)
    xTimerQueue                              0x20000060   Data           4  timers.o(.data)
    xTimerTaskHandle                         0x20000064   Data           4  timers.o(.data)
    xLastTime                                0x20000068   Data           4  timers.o(.data)
    pxCurrentTimerList                       0x2000006c   Data           4  timers.o(.data)
    pxOverflowTimerList                      0x20000070   Data           4  timers.o(.data)
    .data                                    0x20000074   Section        4  cmsis_os2.o(.data)
    KernelState                              0x20000074   Data           4  cmsis_os2.o(.data)
    .data                                    0x20000078   Section       32  heap_4.o(.data)
    pxEnd                                    0x20000078   Data           4  heap_4.o(.data)
    xFreeBytesRemaining                      0x2000007c   Data           4  heap_4.o(.data)
    xMinimumEverFreeBytesRemaining           0x20000080   Data           4  heap_4.o(.data)
    xNumberOfSuccessfulAllocations           0x20000084   Data           4  heap_4.o(.data)
    xNumberOfSuccessfulFrees                 0x20000088   Data           4  heap_4.o(.data)
    xBlockAllocatedBit                       0x2000008c   Data           4  heap_4.o(.data)
    xStart                                   0x20000090   Data           8  heap_4.o(.data)
    .data                                    0x20000098   Section       12  port.o(.data)
    ucMaxSysCallPriority                     0x20000098   Data           1  port.o(.data)
    uxCriticalNesting                        0x2000009c   Data           4  port.o(.data)
    ulMaxPRIGROUPValue                       0x200000a0   Data           4  port.o(.data)
    .bss                                     0x200000a4   Section      192  main.o(.bss)
    .bss                                     0x20000164   Section      288  usart.o(.bss)
    .bss                                     0x20000284   Section       64  queue.o(.bss)
    .bss                                     0x200002c4   Section     1220  tasks.o(.bss)
    pxReadyTasksLists                        0x200002c4   Data        1120  tasks.o(.bss)
    xDelayedTaskList1                        0x20000724   Data          20  tasks.o(.bss)
    xDelayedTaskList2                        0x20000738   Data          20  tasks.o(.bss)
    xPendingReadyList                        0x2000074c   Data          20  tasks.o(.bss)
    xTasksWaitingTermination                 0x20000760   Data          20  tasks.o(.bss)
    xSuspendedTaskList                       0x20000774   Data          20  tasks.o(.bss)
    .bss                                     0x20000788   Section      280  timers.o(.bss)
    xStaticTimerQueue                        0x20000788   Data          80  timers.o(.bss)
    ucStaticTimerQueueStorage                0x200007d8   Data         160  timers.o(.bss)
    xActiveTimerList1                        0x20000878   Data          20  timers.o(.bss)
    xActiveTimerList2                        0x2000088c   Data          20  timers.o(.bss)
    .bss                                     0x200008a0   Section     1720  cmsis_os2.o(.bss)
    Idle_TCB                                 0x200008a0   Data          92  cmsis_os2.o(.bss)
    Idle_Stack                               0x200008fc   Data         512  cmsis_os2.o(.bss)
    Timer_TCB                                0x20000afc   Data          92  cmsis_os2.o(.bss)
    Timer_Stack                              0x20000b58   Data        1024  cmsis_os2.o(.bss)
    .bss                                     0x20000f58   Section    15360  heap_4.o(.bss)
    ucHeap                                   0x20000f58   Data       15360  heap_4.o(.bss)
    .bss                                     0x20004b58   Section       96  libspace.o(.bss)
    HEAP                                     0x20004bb8   Section      512  startup_stm32f407xx.o(HEAP)
    Heap_Mem                                 0x20004bb8   Data         512  startup_stm32f407xx.o(HEAP)
    STACK                                    0x20004db8   Section     1024  startup_stm32f407xx.o(STACK)
    Stack_Mem                                0x20004db8   Data        1024  startup_stm32f407xx.o(STACK)
    __initial_sp                             0x200051b8   Data           0  startup_stm32f407xx.o(STACK)

    Global Symbols

    Symbol Name                              Value     Ov Type        Size  Object(Section)

    BuildAttributes$$THM_ISAv4$E$P$D$K$B$S$7EM$VFPi3$EXTD16$VFPS$VFMA$PE$A:L22UL41UL21$X:L11$S22US41US21$IEEE1$IW$USESV6$~STKCKD$USESV7$~SHL$OSPACE$ROPI$EBA8$UX$STANDARDLIB$REQ8$PRES8$EABIv2 0x00000000   Number         0  anon$$obj.o ABSOLUTE
    __ARM_use_no_argv                        0x00000000   Number         0  main.o ABSOLUTE
    __ARM_exceptions_init                     - Undefined Weak Reference
    __alloca_initialize                       - Undefined Weak Reference
    __arm_fini_                               - Undefined Weak Reference
    __arm_preinit_                            - Undefined Weak Reference
    __cpp_initialize__aeabi_                  - Undefined Weak Reference
    __cxa_finalize                            - Undefined Weak Reference
    __rt_locale                               - Undefined Weak Reference
    __sigvec_lookup                           - Undefined Weak Reference
    _atexit_init                              - Undefined Weak Reference
    _call_atexit_fns                          - Undefined Weak Reference
    _clock_init                               - Undefined Weak Reference
    _fp_trap_init                             - Undefined Weak Reference
    _fp_trap_shutdown                         - Undefined Weak Reference
    _get_lc_collate                           - Undefined Weak Reference
    _get_lc_ctype                             - Undefined Weak Reference
    _get_lc_monetary                          - Undefined Weak Reference
    _get_lc_numeric                           - Undefined Weak Reference
    _get_lc_time                              - Undefined Weak Reference
    _getenv_init                              - Undefined Weak Reference
    _handle_redirection                       - Undefined Weak Reference
    _init_alloc                               - Undefined Weak Reference
    _init_user_alloc                          - Undefined Weak Reference
    _initio                                   - Undefined Weak Reference
    _rand_init                                - Undefined Weak Reference
    _signal_finish                            - Undefined Weak Reference
    _signal_init                              - Undefined Weak Reference
    _terminate_alloc                          - Undefined Weak Reference
    _terminate_user_alloc                     - Undefined Weak Reference
    _terminateio                              - Undefined Weak Reference
    __Vectors_Size                           0x00000188   Number         0  startup_stm32f407xx.o ABSOLUTE
    __Vectors                                0x08000000   Data           4  startup_stm32f407xx.o(RESET)
    __Vectors_End                            0x08000188   Data           0  startup_stm32f407xx.o(RESET)
    __main                                   0x08000189   Thumb Code     8  __main.o(!!!main)
    __scatterload                            0x08000191   Thumb Code     0  __scatter.o(!!!scatter)
    __scatterload_rt2                        0x08000191   Thumb Code    44  __scatter.o(!!!scatter)
    __scatterload_rt2_thumb_only             0x08000191   Thumb Code     0  __scatter.o(!!!scatter)
    __scatterload_null                       0x0800019f   Thumb Code     0  __scatter.o(!!!scatter)
    __scatterload_copy                       0x080001c5   Thumb Code    26  __scatter_copy.o(!!handler_copy)
    __scatterload_zeroinit                   0x080001e1   Thumb Code    28  __scatter_zi.o(!!handler_zi)
    __rt_lib_init                            0x080001fd   Thumb Code     0  libinit.o(.ARM.Collect$$libinit$$00000000)
    __rt_lib_init_fp_1                       0x080001ff   Thumb Code     0  libinit2.o(.ARM.Collect$$libinit$$00000001)
    __rt_lib_init_alloca_1                   0x08000203   Thumb Code     0  libinit2.o(.ARM.Collect$$libinit$$0000002E)
    __rt_lib_init_argv_1                     0x08000203   Thumb Code     0  libinit2.o(.ARM.Collect$$libinit$$0000002C)
    __rt_lib_init_atexit_1                   0x08000203   Thumb Code     0  libinit2.o(.ARM.Collect$$libinit$$0000001B)
    __rt_lib_init_clock_1                    0x08000203   Thumb Code     0  libinit2.o(.ARM.Collect$$libinit$$00000021)
    __rt_lib_init_cpp_1                      0x08000203   Thumb Code     0  libinit2.o(.ARM.Collect$$libinit$$00000032)
    __rt_lib_init_exceptions_1               0x08000203   Thumb Code     0  libinit2.o(.ARM.Collect$$libinit$$00000030)
    __rt_lib_init_fp_trap_1                  0x08000203   Thumb Code     0  libinit2.o(.ARM.Collect$$libinit$$0000001F)
    __rt_lib_init_getenv_1                   0x08000203   Thumb Code     0  libinit2.o(.ARM.Collect$$libinit$$00000023)
    __rt_lib_init_heap_1                     0x08000203   Thumb Code     0  libinit2.o(.ARM.Collect$$libinit$$0000000A)
    __rt_lib_init_lc_collate_1               0x08000203   Thumb Code     0  libinit2.o(.ARM.Collect$$libinit$$00000011)
    __rt_lib_init_lc_ctype_1                 0x08000203   Thumb Code     0  libinit2.o(.ARM.Collect$$libinit$$00000013)
    __rt_lib_init_lc_monetary_1              0x08000203   Thumb Code     0  libinit2.o(.ARM.Collect$$libinit$$00000015)
    __rt_lib_init_lc_numeric_1               0x08000203   Thumb Code     0  libinit2.o(.ARM.Collect$$libinit$$00000017)
    __rt_lib_init_lc_time_1                  0x08000203   Thumb Code     0  libinit2.o(.ARM.Collect$$libinit$$00000019)
    __rt_lib_init_preinit_1                  0x08000203   Thumb Code     0  libinit2.o(.ARM.Collect$$libinit$$00000004)
    __rt_lib_init_rand_1                     0x08000203   Thumb Code     0  libinit2.o(.ARM.Collect$$libinit$$0000000E)
    __rt_lib_init_return                     0x08000203   Thumb Code     0  libinit2.o(.ARM.Collect$$libinit$$00000033)
    __rt_lib_init_signal_1                   0x08000203   Thumb Code     0  libinit2.o(.ARM.Collect$$libinit$$0000001D)
    __rt_lib_init_stdio_1                    0x08000203   Thumb Code     0  libinit2.o(.ARM.Collect$$libinit$$00000025)
    __rt_lib_init_user_alloc_1               0x08000203   Thumb Code     0  libinit2.o(.ARM.Collect$$libinit$$0000000C)
    __rt_lib_shutdown                        0x08000205   Thumb Code     0  libshutdown.o(.ARM.Collect$$libshutdown$$00000000)
    __rt_lib_shutdown_cpp_1                  0x08000207   Thumb Code     0  libshutdown2.o(.ARM.Collect$$libshutdown$$00000004)
    __rt_lib_shutdown_fini_1                 0x08000207   Thumb Code     0  libshutdown2.o(.ARM.Collect$$libshutdown$$00000002)
    __rt_lib_shutdown_fp_trap_1              0x08000207   Thumb Code     0  libshutdown2.o(.ARM.Collect$$libshutdown$$00000009)
    __rt_lib_shutdown_heap_1                 0x08000207   Thumb Code     0  libshutdown2.o(.ARM.Collect$$libshutdown$$00000011)
    __rt_lib_shutdown_return                 0x08000207   Thumb Code     0  libshutdown2.o(.ARM.Collect$$libshutdown$$00000012)
    __rt_lib_shutdown_signal_1               0x08000207   Thumb Code     0  libshutdown2.o(.ARM.Collect$$libshutdown$$0000000C)
    __rt_lib_shutdown_stdio_1                0x08000207   Thumb Code     0  libshutdown2.o(.ARM.Collect$$libshutdown$$00000006)
    __rt_lib_shutdown_user_alloc_1           0x08000207   Thumb Code     0  libshutdown2.o(.ARM.Collect$$libshutdown$$0000000E)
    __rt_entry                               0x08000209   Thumb Code     0  __rtentry.o(.ARM.Collect$$rtentry$$00000000)
    __rt_entry_presh_1                       0x08000209   Thumb Code     0  __rtentry2.o(.ARM.Collect$$rtentry$$00000002)
    __rt_entry_sh                            0x08000209   Thumb Code     0  __rtentry4.o(.ARM.Collect$$rtentry$$00000004)
    __rt_entry_li                            0x0800020f   Thumb Code     0  __rtentry2.o(.ARM.Collect$$rtentry$$0000000A)
    __rt_entry_postsh_1                      0x0800020f   Thumb Code     0  __rtentry2.o(.ARM.Collect$$rtentry$$00000009)
    __rt_entry_main                          0x08000213   Thumb Code     0  __rtentry2.o(.ARM.Collect$$rtentry$$0000000D)
    __rt_entry_postli_1                      0x08000213   Thumb Code     0  __rtentry2.o(.ARM.Collect$$rtentry$$0000000C)
    __rt_exit                                0x0800021b   Thumb Code     0  rtexit.o(.ARM.Collect$$rtexit$$00000000)
    __rt_exit_ls                             0x0800021d   Thumb Code     0  rtexit2.o(.ARM.Collect$$rtexit$$00000003)
    __rt_exit_prels_1                        0x0800021d   Thumb Code     0  rtexit2.o(.ARM.Collect$$rtexit$$00000002)
    __rt_exit_exit                           0x08000221   Thumb Code     0  rtexit2.o(.ARM.Collect$$rtexit$$00000004)
    SVC_Handler                              0x08000229   Thumb Code    28  port.o(.emb_text)
    __asm___6_port_c_39a90d8d__prvStartFirstTask 0x08000249   Thumb Code    36  port.o(.emb_text)
    __asm___6_port_c_39a90d8d__prvEnableVFP  0x08000271   Thumb Code    16  port.o(.emb_text)
    PendSV_Handler                           0x08000285   Thumb Code    88  port.o(.emb_text)
    vPortGetIPSR                             0x080002e1   Thumb Code     6  port.o(.emb_text)
    Reset_Handler                            0x080002e9   Thumb Code     8  startup_stm32f407xx.o(.text)
    ADC_IRQHandler                           0x08000303   Thumb Code     0  startup_stm32f407xx.o(.text)
    CAN1_RX0_IRQHandler                      0x08000303   Thumb Code     0  startup_stm32f407xx.o(.text)
    CAN1_RX1_IRQHandler                      0x08000303   Thumb Code     0  startup_stm32f407xx.o(.text)
    CAN1_SCE_IRQHandler                      0x08000303   Thumb Code     0  startup_stm32f407xx.o(.text)
    CAN1_TX_IRQHandler                       0x08000303   Thumb Code     0  startup_stm32f407xx.o(.text)
    CAN2_RX0_IRQHandler                      0x08000303   Thumb Code     0  startup_stm32f407xx.o(.text)
    CAN2_RX1_IRQHandler                      0x08000303   Thumb Code     0  startup_stm32f407xx.o(.text)
    CAN2_SCE_IRQHandler                      0x08000303   Thumb Code     0  startup_stm32f407xx.o(.text)
    CAN2_TX_IRQHandler                       0x08000303   Thumb Code     0  startup_stm32f407xx.o(.text)
    DCMI_IRQHandler                          0x08000303   Thumb Code     0  startup_stm32f407xx.o(.text)
    DMA1_Stream0_IRQHandler                  0x08000303   Thumb Code     0  startup_stm32f407xx.o(.text)
    DMA1_Stream1_IRQHandler                  0x08000303   Thumb Code     0  startup_stm32f407xx.o(.text)
    DMA1_Stream2_IRQHandler                  0x08000303   Thumb Code     0  startup_stm32f407xx.o(.text)
    DMA1_Stream3_IRQHandler                  0x08000303   Thumb Code     0  startup_stm32f407xx.o(.text)
    DMA1_Stream4_IRQHandler                  0x08000303   Thumb Code     0  startup_stm32f407xx.o(.text)
    DMA1_Stream5_IRQHandler                  0x08000303   Thumb Code     0  startup_stm32f407xx.o(.text)
    DMA1_Stream6_IRQHandler                  0x08000303   Thumb Code     0  startup_stm32f407xx.o(.text)
    DMA1_Stream7_IRQHandler                  0x08000303   Thumb Code     0  startup_stm32f407xx.o(.text)
    DMA2_Stream0_IRQHandler                  0x08000303   Thumb Code     0  startup_stm32f407xx.o(.text)
    DMA2_Stream1_IRQHandler                  0x08000303   Thumb Code     0  startup_stm32f407xx.o(.text)
    DMA2_Stream2_IRQHandler                  0x08000303   Thumb Code     0  startup_stm32f407xx.o(.text)
    DMA2_Stream3_IRQHandler                  0x08000303   Thumb Code     0  startup_stm32f407xx.o(.text)
    DMA2_Stream4_IRQHandler                  0x08000303   Thumb Code     0  startup_stm32f407xx.o(.text)
    DMA2_Stream5_IRQHandler                  0x08000303   Thumb Code     0  startup_stm32f407xx.o(.text)
    DMA2_Stream6_IRQHandler                  0x08000303   Thumb Code     0  startup_stm32f407xx.o(.text)
    DMA2_Stream7_IRQHandler                  0x08000303   Thumb Code     0  startup_stm32f407xx.o(.text)
    ETH_IRQHandler                           0x08000303   Thumb Code     0  startup_stm32f407xx.o(.text)
    ETH_WKUP_IRQHandler                      0x08000303   Thumb Code     0  startup_stm32f407xx.o(.text)
    EXTI0_IRQHandler                         0x08000303   Thumb Code     0  startup_stm32f407xx.o(.text)
    EXTI15_10_IRQHandler                     0x08000303   Thumb Code     0  startup_stm32f407xx.o(.text)
    EXTI1_IRQHandler                         0x08000303   Thumb Code     0  startup_stm32f407xx.o(.text)
    EXTI2_IRQHandler                         0x08000303   Thumb Code     0  startup_stm32f407xx.o(.text)
    EXTI3_IRQHandler                         0x08000303   Thumb Code     0  startup_stm32f407xx.o(.text)
    EXTI4_IRQHandler                         0x08000303   Thumb Code     0  startup_stm32f407xx.o(.text)
    EXTI9_5_IRQHandler                       0x08000303   Thumb Code     0  startup_stm32f407xx.o(.text)
    FLASH_IRQHandler                         0x08000303   Thumb Code     0  startup_stm32f407xx.o(.text)
    FMC_IRQHandler                           0x08000303   Thumb Code     0  startup_stm32f407xx.o(.text)
    FPU_IRQHandler                           0x08000303   Thumb Code     0  startup_stm32f407xx.o(.text)
    HASH_RNG_IRQHandler                      0x08000303   Thumb Code     0  startup_stm32f407xx.o(.text)
    I2C1_ER_IRQHandler                       0x08000303   Thumb Code     0  startup_stm32f407xx.o(.text)
    I2C1_EV_IRQHandler                       0x08000303   Thumb Code     0  startup_stm32f407xx.o(.text)
    I2C2_ER_IRQHandler                       0x08000303   Thumb Code     0  startup_stm32f407xx.o(.text)
    I2C2_EV_IRQHandler                       0x08000303   Thumb Code     0  startup_stm32f407xx.o(.text)
    I2C3_ER_IRQHandler                       0x08000303   Thumb Code     0  startup_stm32f407xx.o(.text)
    I2C3_EV_IRQHandler                       0x08000303   Thumb Code     0  startup_stm32f407xx.o(.text)
    OTG_FS_IRQHandler                        0x08000303   Thumb Code     0  startup_stm32f407xx.o(.text)
    OTG_FS_WKUP_IRQHandler                   0x08000303   Thumb Code     0  startup_stm32f407xx.o(.text)
    OTG_HS_EP1_IN_IRQHandler                 0x08000303   Thumb Code     0  startup_stm32f407xx.o(.text)
    OTG_HS_EP1_OUT_IRQHandler                0x08000303   Thumb Code     0  startup_stm32f407xx.o(.text)
    OTG_HS_IRQHandler                        0x08000303   Thumb Code     0  startup_stm32f407xx.o(.text)
    OTG_HS_WKUP_IRQHandler                   0x08000303   Thumb Code     0  startup_stm32f407xx.o(.text)
    PVD_IRQHandler                           0x08000303   Thumb Code     0  startup_stm32f407xx.o(.text)
    RCC_IRQHandler                           0x08000303   Thumb Code     0  startup_stm32f407xx.o(.text)
    RTC_Alarm_IRQHandler                     0x08000303   Thumb Code     0  startup_stm32f407xx.o(.text)
    RTC_WKUP_IRQHandler                      0x08000303   Thumb Code     0  startup_stm32f407xx.o(.text)
    SDIO_IRQHandler                          0x08000303   Thumb Code     0  startup_stm32f407xx.o(.text)
    SPI1_IRQHandler                          0x08000303   Thumb Code     0  startup_stm32f407xx.o(.text)
    SPI2_IRQHandler                          0x08000303   Thumb Code     0  startup_stm32f407xx.o(.text)
    SPI3_IRQHandler                          0x08000303   Thumb Code     0  startup_stm32f407xx.o(.text)
    TAMP_STAMP_IRQHandler                    0x08000303   Thumb Code     0  startup_stm32f407xx.o(.text)
    TIM1_BRK_TIM9_IRQHandler                 0x08000303   Thumb Code     0  startup_stm32f407xx.o(.text)
    TIM1_CC_IRQHandler                       0x08000303   Thumb Code     0  startup_stm32f407xx.o(.text)
    TIM1_TRG_COM_TIM11_IRQHandler            0x08000303   Thumb Code     0  startup_stm32f407xx.o(.text)
    TIM1_UP_TIM10_IRQHandler                 0x08000303   Thumb Code     0  startup_stm32f407xx.o(.text)
    TIM2_IRQHandler                          0x08000303   Thumb Code     0  startup_stm32f407xx.o(.text)
    TIM3_IRQHandler                          0x08000303   Thumb Code     0  startup_stm32f407xx.o(.text)
    TIM4_IRQHandler                          0x08000303   Thumb Code     0  startup_stm32f407xx.o(.text)
    TIM5_IRQHandler                          0x08000303   Thumb Code     0  startup_stm32f407xx.o(.text)
    TIM6_DAC_IRQHandler                      0x08000303   Thumb Code     0  startup_stm32f407xx.o(.text)
    TIM7_IRQHandler                          0x08000303   Thumb Code     0  startup_stm32f407xx.o(.text)
    TIM8_BRK_TIM12_IRQHandler                0x08000303   Thumb Code     0  startup_stm32f407xx.o(.text)
    TIM8_CC_IRQHandler                       0x08000303   Thumb Code     0  startup_stm32f407xx.o(.text)
    TIM8_TRG_COM_TIM14_IRQHandler            0x08000303   Thumb Code     0  startup_stm32f407xx.o(.text)
    TIM8_UP_TIM13_IRQHandler                 0x08000303   Thumb Code     0  startup_stm32f407xx.o(.text)
    UART4_IRQHandler                         0x08000303   Thumb Code     0  startup_stm32f407xx.o(.text)
    UART5_IRQHandler                         0x08000303   Thumb Code     0  startup_stm32f407xx.o(.text)
    WWDG_IRQHandler                          0x08000303   Thumb Code     0  startup_stm32f407xx.o(.text)
    __user_initial_stackheap                 0x08000305   Thumb Code     0  startup_stm32f407xx.o(.text)
    __aeabi_uldivmod                         0x08000329   Thumb Code     0  lludivv7m.o(.text)
    _ll_udiv                                 0x08000329   Thumb Code   238  lludivv7m.o(.text)
    __aeabi_memcpy                           0x08000417   Thumb Code     0  rt_memcpy_v6.o(.text)
    __rt_memcpy                              0x08000417   Thumb Code   138  rt_memcpy_v6.o(.text)
    _memcpy_lastbytes                        0x0800047d   Thumb Code     0  rt_memcpy_v6.o(.text)
    __aeabi_memset                           0x080004a1   Thumb Code    16  aeabi_memset.o(.text)
    __aeabi_memclr4                          0x080004b1   Thumb Code     0  rt_memclr_w.o(.text)
    __aeabi_memclr8                          0x080004b1   Thumb Code     0  rt_memclr_w.o(.text)
    __rt_memclr_w                            0x080004b1   Thumb Code    78  rt_memclr_w.o(.text)
    _memset_w                                0x080004b5   Thumb Code     0  rt_memclr_w.o(.text)
    __use_two_region_memory                  0x080004ff   Thumb Code     2  heapauxi.o(.text)
    __rt_heap_escrow$2region                 0x08000501   Thumb Code     2  heapauxi.o(.text)
    __rt_heap_expand$2region                 0x08000503   Thumb Code     2  heapauxi.o(.text)
    __aeabi_memcpy4                          0x08000505   Thumb Code     0  rt_memcpy_w.o(.text)
    __aeabi_memcpy8                          0x08000505   Thumb Code     0  rt_memcpy_w.o(.text)
    __rt_memcpy_w                            0x08000505   Thumb Code   100  rt_memcpy_w.o(.text)
    _memcpy_lastbytes_aligned                0x0800054d   Thumb Code     0  rt_memcpy_w.o(.text)
    __aeabi_memclr                           0x08000569   Thumb Code     0  rt_memclr.o(.text)
    __rt_memclr                              0x08000569   Thumb Code    68  rt_memclr.o(.text)
    _memset                                  0x0800056d   Thumb Code     0  rt_memclr.o(.text)
    __user_setup_stackheap                   0x080005ad   Thumb Code    74  sys_stackheap_outer.o(.text)
    exit                                     0x080005f7   Thumb Code    18  exit.o(.text)
    __user_libspace                          0x08000609   Thumb Code     8  libspace.o(.text)
    __user_perproc_libspace                  0x08000609   Thumb Code     0  libspace.o(.text)
    __user_perthread_libspace                0x08000609   Thumb Code     0  libspace.o(.text)
    _sys_exit                                0x08000611   Thumb Code     8  sys_exit.o(.text)
    __I$use$semihosting                      0x0800061d   Thumb Code     0  use_no_semi.o(.text)
    __use_no_semihosting_swi                 0x0800061d   Thumb Code     2  use_no_semi.o(.text)
    BusFault_Handler                         0x0800061f   Thumb Code     2  stm32f4xx_it.o(i.BusFault_Handler)
    __semihosting_library_function           0x0800061f   Thumb Code     0  indicate_semi.o(.text)
    DebugMon_Handler                         0x08000621   Thumb Code     2  stm32f4xx_it.o(i.DebugMon_Handler)
    Emm_V5_Vel_Control_YOU                   0x08000625   Thumb Code    66  emm_v5.o(i.Emm_V5_Vel_Control_YOU)
    Emm_V5_Vel_Control_ZUO                   0x0800066d   Thumb Code    66  emm_v5.o(i.Emm_V5_Vel_Control_ZUO)
    Error_Handler                            0x080006b5   Thumb Code     4  main.o(i.Error_Handler)
    HAL_DMA_Abort                            0x080006b9   Thumb Code   146  stm32f4xx_hal_dma.o(i.HAL_DMA_Abort)
    HAL_DMA_Abort_IT                         0x0800074b   Thumb Code    36  stm32f4xx_hal_dma.o(i.HAL_DMA_Abort_IT)
    HAL_DMA_GetError                         0x0800076f   Thumb Code     4  stm32f4xx_hal_dma.o(i.HAL_DMA_GetError)
    HAL_GPIO_Init                            0x08000775   Thumb Code   450  stm32f4xx_hal_gpio.o(i.HAL_GPIO_Init)
    HAL_GetTick                              0x08000965   Thumb Code     6  stm32f4xx_hal.o(i.HAL_GetTick)
    HAL_IncTick                              0x08000971   Thumb Code    12  stm32f4xx_hal.o(i.HAL_IncTick)
    HAL_Init                                 0x08000981   Thumb Code    48  stm32f4xx_hal.o(i.HAL_Init)
    HAL_InitTick                             0x080009b5   Thumb Code    54  stm32f4xx_hal.o(i.HAL_InitTick)
    HAL_MspInit                              0x080009f5   Thumb Code    52  stm32f4xx_hal_msp.o(i.HAL_MspInit)
    HAL_NVIC_EnableIRQ                       0x08000a2d   Thumb Code    26  stm32f4xx_hal_cortex.o(i.HAL_NVIC_EnableIRQ)
    HAL_NVIC_SetPriority                     0x08000a49   Thumb Code    60  stm32f4xx_hal_cortex.o(i.HAL_NVIC_SetPriority)
    HAL_NVIC_SetPriorityGrouping             0x08000a89   Thumb Code    26  stm32f4xx_hal_cortex.o(i.HAL_NVIC_SetPriorityGrouping)
    HAL_RCC_ClockConfig                      0x08000aad   Thumb Code   288  stm32f4xx_hal_rcc.o(i.HAL_RCC_ClockConfig)
    HAL_RCC_GetPCLK1Freq                     0x08000be1   Thumb Code    20  stm32f4xx_hal_rcc.o(i.HAL_RCC_GetPCLK1Freq)
    HAL_RCC_GetPCLK2Freq                     0x08000c01   Thumb Code    20  stm32f4xx_hal_rcc.o(i.HAL_RCC_GetPCLK2Freq)
    HAL_RCC_GetSysClockFreq                  0x08000c21   Thumb Code    88  stm32f4xx_hal_rcc.o(i.HAL_RCC_GetSysClockFreq)
    HAL_RCC_OscConfig                        0x08000c85   Thumb Code   856  stm32f4xx_hal_rcc.o(i.HAL_RCC_OscConfig)
    HAL_SYSTICK_Config                       0x08000ff1   Thumb Code    40  stm32f4xx_hal_cortex.o(i.HAL_SYSTICK_Config)
    HAL_UARTEx_RxEventCallback               0x08001019   Thumb Code     2  stm32f4xx_hal_uart.o(i.HAL_UARTEx_RxEventCallback)
    HAL_UART_Abort                           0x0800101b   Thumb Code   210  stm32f4xx_hal_uart.o(i.HAL_UART_Abort)
    HAL_UART_ErrorCallback                   0x080010ed   Thumb Code     2  stm32f4xx_hal_uart.o(i.HAL_UART_ErrorCallback)
    HAL_UART_IRQHandler                      0x080010f1   Thumb Code   636  stm32f4xx_hal_uart.o(i.HAL_UART_IRQHandler)
    HAL_UART_Init                            0x08001371   Thumb Code   100  stm32f4xx_hal_uart.o(i.HAL_UART_Init)
    HAL_UART_MspInit                         0x080013d5   Thumb Code   346  usart.o(i.HAL_UART_MspInit)
    HAL_UART_Receive_IT                      0x08001551   Thumb Code    28  stm32f4xx_hal_uart.o(i.HAL_UART_Receive_IT)
    HAL_UART_RxCpltCallback                  0x0800156d   Thumb Code     2  stm32f4xx_hal_uart.o(i.HAL_UART_RxCpltCallback)
    HAL_UART_Transmit                        0x0800156f   Thumb Code   160  stm32f4xx_hal_uart.o(i.HAL_UART_Transmit)
    HAL_UART_TxCpltCallback                  0x0800160f   Thumb Code     2  stm32f4xx_hal_uart.o(i.HAL_UART_TxCpltCallback)
    HardFault_Handler                        0x08001611   Thumb Code     2  stm32f4xx_it.o(i.HardFault_Handler)
    MX_FREERTOS_Init                         0x08001613   Thumb Code     4  freertos.o(i.MX_FREERTOS_Init)
    MX_GPIO_Init                             0x08001619   Thumb Code    70  gpio.o(i.MX_GPIO_Init)
    MX_USART1_UART_Init                      0x08001665   Thumb Code    48  usart.o(i.MX_USART1_UART_Init)
    MX_USART2_UART_Init                      0x0800169d   Thumb Code    48  usart.o(i.MX_USART2_UART_Init)
    MX_USART3_UART_Init                      0x080016d5   Thumb Code    48  usart.o(i.MX_USART3_UART_Init)
    MX_USART6_UART_Init                      0x0800170d   Thumb Code    48  usart.o(i.MX_USART6_UART_Init)
    MemManage_Handler                        0x08001745   Thumb Code     2  stm32f4xx_it.o(i.MemManage_Handler)
    NMI_Handler                              0x08001747   Thumb Code     2  stm32f4xx_it.o(i.NMI_Handler)
    ProcessCommand                           0x08001749   Thumb Code    82  freertos.o(i.ProcessCommand)
    SendToLeftMotor                          0x0800179b   Thumb Code    28  freertos.o(i.SendToLeftMotor)
    SendToRightMotor                         0x080017b7   Thumb Code    28  freertos.o(i.SendToRightMotor)
    StartMovement                            0x080017d5   Thumb Code    26  freertos.o(i.StartMovement)
    SysTick_Handler                          0x08001801   Thumb Code    24  stm32f4xx_it.o(i.SysTick_Handler)
    SystemClock_Config                       0x08001819   Thumb Code   140  main.o(i.SystemClock_Config)
    SystemInit                               0x080018ad   Thumb Code    12  system_stm32f4xx.o(i.SystemInit)
    UART_Start_Receive_IT                    0x08001ae9   Thumb Code    54  stm32f4xx_hal_uart.o(i.UART_Start_Receive_IT)
    USART1_IRQHandler                        0x08001b91   Thumb Code     6  stm32f4xx_it.o(i.USART1_IRQHandler)
    USART2_IRQHandler                        0x08001b9d   Thumb Code    94  stm32f4xx_it.o(i.USART2_IRQHandler)
    USART3_IRQHandler                        0x08001c0d   Thumb Code    94  stm32f4xx_it.o(i.USART3_IRQHandler)
    USART6_IRQHandler                        0x08001c7d   Thumb Code   102  stm32f4xx_it.o(i.USART6_IRQHandler)
    Uart6CommandTask                         0x08001cf9   Thumb Code    62  freertos.o(i.Uart6CommandTask)
    UsageFault_Handler                       0x08001d49   Thumb Code     2  stm32f4xx_it.o(i.UsageFault_Handler)
    main                                     0x08001d6d   Thumb Code   172  main.o(i.main)
    osKernelInitialize                       0x08001e2d   Thumb Code    32  cmsis_os2.o(i.osKernelInitialize)
    osKernelStart                            0x08001e51   Thumb Code    48  cmsis_os2.o(i.osKernelStart)
    pvPortMalloc                             0x0800261d   Thumb Code   216  heap_4.o(i.pvPortMalloc)
    pvTaskIncrementMutexHeldCount            0x080026f9   Thumb Code    18  tasks.o(i.pvTaskIncrementMutexHeldCount)
    pxPortInitialiseStack                    0x08002711   Thumb Code    40  port.o(i.pxPortInitialiseStack)
    uxListRemove                             0x0800273d   Thumb Code    38  list.o(i.uxListRemove)
    vApplicationGetIdleTaskMemory            0x08002765   Thumb Code    16  cmsis_os2.o(i.vApplicationGetIdleTaskMemory)
    vApplicationGetTimerTaskMemory           0x08002779   Thumb Code    18  cmsis_os2.o(i.vApplicationGetTimerTaskMemory)
    vListInitialise                          0x08002791   Thumb Code    22  list.o(i.vListInitialise)
    vListInitialiseItem                      0x080027a7   Thumb Code     6  list.o(i.vListInitialiseItem)
    vListInsert                              0x080027ad   Thumb Code    48  list.o(i.vListInsert)
    vListInsertEnd                           0x080027dd   Thumb Code    24  list.o(i.vListInsertEnd)
    vPortEnterCritical                       0x080027f5   Thumb Code    54  port.o(i.vPortEnterCritical)
    vPortExitCritical                        0x08002835   Thumb Code    34  port.o(i.vPortExitCritical)
    vPortFree                                0x0800285d   Thumb Code    94  heap_4.o(i.vPortFree)
    vPortSetupTimerInterrupt                 0x080028c1   Thumb Code    32  port.o(i.vPortSetupTimerInterrupt)
    vPortValidateInterruptPriority           0x080028e5   Thumb Code    74  port.o(i.vPortValidateInterruptPriority)
    vQueueAddToRegistry                      0x08002939   Thumb Code    34  queue.o(i.vQueueAddToRegistry)
    vQueueWaitForMessageRestricted           0x08002961   Thumb Code    68  queue.o(i.vQueueWaitForMessageRestricted)
    vTaskInternalSetTimeOutState             0x080029a5   Thumb Code    12  tasks.o(i.vTaskInternalSetTimeOutState)
    vTaskMissedYield                         0x080029b5   Thumb Code     8  tasks.o(i.vTaskMissedYield)
    vTaskPlaceOnEventList                    0x080029c1   Thumb Code    44  tasks.o(i.vTaskPlaceOnEventList)
    vTaskPlaceOnEventListRestricted          0x080029f1   Thumb Code    52  tasks.o(i.vTaskPlaceOnEventListRestricted)
    vTaskPriorityDisinheritAfterTimeout      0x08002a29   Thumb Code   134  tasks.o(i.vTaskPriorityDisinheritAfterTimeout)
    vTaskStartScheduler                      0x08002ab9   Thumb Code   118  tasks.o(i.vTaskStartScheduler)
    vTaskSuspendAll                          0x08002b41   Thumb Code    10  tasks.o(i.vTaskSuspendAll)
    vTaskSwitchContext                       0x08002b51   Thumb Code    90  tasks.o(i.vTaskSwitchContext)
    xPortStartScheduler                      0x08002bb5   Thumb Code   222  port.o(i.xPortStartScheduler)
    xPortSysTickHandler                      0x08002ca9   Thumb Code    38  port.o(i.xPortSysTickHandler)
    xQueueGenericCreate                      0x08002cd5   Thumb Code    66  queue.o(i.xQueueGenericCreate)
    xQueueGenericCreateStatic                0x08002d17   Thumb Code   102  queue.o(i.xQueueGenericCreateStatic)
    xQueueGenericReset                       0x08002d7d   Thumb Code   132  queue.o(i.xQueueGenericReset)
    xQueueGenericSend                        0x08002e05   Thumb Code   346  queue.o(i.xQueueGenericSend)
    xQueueGenericSendFromISR                 0x08002f65   Thumb Code   190  queue.o(i.xQueueGenericSendFromISR)
    xQueueGiveFromISR                        0x08003023   Thumb Code   156  queue.o(i.xQueueGiveFromISR)
    xQueueReceive                            0x080030c1   Thumb Code   308  queue.o(i.xQueueReceive)
    xQueueSemaphoreTake                      0x080031f9   Thumb Code   372  queue.o(i.xQueueSemaphoreTake)
    xTaskCheckForTimeOut                     0x08003371   Thumb Code   112  tasks.o(i.xTaskCheckForTimeOut)
    xTaskCreate                              0x080033e5   Thumb Code    90  tasks.o(i.xTaskCreate)
    xTaskCreateStatic                        0x0800343f   Thumb Code    86  tasks.o(i.xTaskCreateStatic)
    xTaskGetSchedulerState                   0x08003495   Thumb Code    22  tasks.o(i.xTaskGetSchedulerState)
    xTaskGetTickCount                        0x080034b1   Thumb Code     6  tasks.o(i.xTaskGetTickCount)
    xTaskIncrementTick                       0x080034bd   Thumb Code   192  tasks.o(i.xTaskIncrementTick)
    xTaskPriorityDisinherit                  0x08003585   Thumb Code   118  tasks.o(i.xTaskPriorityDisinherit)
    xTaskPriorityInherit                     0x08003605   Thumb Code   112  tasks.o(i.xTaskPriorityInherit)
    xTaskRemoveFromEventList                 0x0800367d   Thumb Code    98  tasks.o(i.xTaskRemoveFromEventList)
    xTaskResumeAll                           0x080036ed   Thumb Code   182  tasks.o(i.xTaskResumeAll)
    xTimerCreateTimerTask                    0x080037b1   Thumb Code    78  timers.o(i.xTimerCreateTimerTask)
    xTimerGenericCommand                     0x08003811   Thumb Code    98  timers.o(i.xTimerGenericCommand)
    _fp_init                                 0x08003879   Thumb Code    10  fpinit.o(x$fpl$fpinit)
    __fplib_config_fpu_vfp                   0x08003881   Thumb Code     0  fpinit.o(x$fpl$fpinit)
    __fplib_config_pureend_doubles           0x08003881   Thumb Code     0  fpinit.o(x$fpl$fpinit)
    AHBPrescTable                            0x08003882   Data          16  system_stm32f4xx.o(.constdata)
    APBPrescTable                            0x08003892   Data           8  system_stm32f4xx.o(.constdata)
    Region$$Table$$Base                      0x0800389c   Number         0  anon$$obj.o(Region$$Table)
    Region$$Table$$Limit                     0x080038bc   Number         0  anon$$obj.o(Region$$Table)
    uart2_rx_sem                             0x20000000   Data           4  main.o(.data)
    uart3_rx_sem                             0x20000004   Data           4  main.o(.data)
    uart6_rx_sem                             0x20000008   Data           4  main.o(.data)
    uart2_rx_len                             0x2000000c   Data           2  main.o(.data)
    uart3_rx_len                             0x2000000e   Data           2  main.o(.data)
    uart6_rx_len                             0x20000010   Data           2  main.o(.data)
    uwTickFreq                               0x20000014   Data           1  stm32f4xx_hal.o(.data)
    uwTickPrio                               0x20000018   Data           4  stm32f4xx_hal.o(.data)
    uwTick                                   0x2000001c   Data           4  stm32f4xx_hal.o(.data)
    SystemCoreClock                          0x20000020   Data           4  system_stm32f4xx.o(.data)
    pxCurrentTCB                             0x20000024   Data           4  tasks.o(.data)
    uart2_rx_buffer                          0x200000a4   Data          64  main.o(.bss)
    uart3_rx_buffer                          0x200000e4   Data          64  main.o(.bss)
    uart6_rx_buffer                          0x20000124   Data          64  main.o(.bss)
    huart1                                   0x20000164   Data          72  usart.o(.bss)
    huart2                                   0x200001ac   Data          72  usart.o(.bss)
    huart3                                   0x200001f4   Data          72  usart.o(.bss)
    huart6                                   0x2000023c   Data          72  usart.o(.bss)
    xQueueRegistry                           0x20000284   Data          64  queue.o(.bss)
    __libspace_start                         0x20004b58   Data          96  libspace.o(.bss)
    __temporary_stack_top$libspace           0x20004bb8   Data           0  libspace.o(.bss)



==============================================================================

Memory Map of the image

  Image Entry point : 0x08000189

  Load Region LR_IROM1 (Base: 0x08000000, Size: 0x00003960, Max: 0x00100000, ABSOLUTE)

    Execution Region ER_IROM1 (Exec base: 0x08000000, Load base: 0x08000000, Size: 0x000038bc, Max: 0x00100000, ABSOLUTE)

    Exec Addr    Load Addr    Size         Type   Attr      Idx    E Section Name        Object

    0x08000000   0x08000000   0x00000188   Data   RO            3    RESET               startup_stm32f407xx.o
    0x08000188   0x08000188   0x00000008   Code   RO         3959  * !!!main             c_w.l(__main.o)
    0x08000190   0x08000190   0x00000034   Code   RO         4132    !!!scatter          c_w.l(__scatter.o)
    0x080001c4   0x080001c4   0x0000001a   Code   RO         4134    !!handler_copy      c_w.l(__scatter_copy.o)
    0x080001de   0x080001de   0x00000002   PAD
    0x080001e0   0x080001e0   0x0000001c   Code   RO         4136    !!handler_zi        c_w.l(__scatter_zi.o)
    0x080001fc   0x080001fc   0x00000002   Code   RO         4000    .ARM.Collect$$libinit$$00000000  c_w.l(libinit.o)
    0x080001fe   0x080001fe   0x00000004   Code   RO         4012    .ARM.Collect$$libinit$$00000001  c_w.l(libinit2.o)
    0x08000202   0x08000202   0x00000000   Code   RO         4015    .ARM.Collect$$libinit$$00000004  c_w.l(libinit2.o)
    0x08000202   0x08000202   0x00000000   Code   RO         4018    .ARM.Collect$$libinit$$0000000A  c_w.l(libinit2.o)
    0x08000202   0x08000202   0x00000000   Code   RO         4020    .ARM.Collect$$libinit$$0000000C  c_w.l(libinit2.o)
    0x08000202   0x08000202   0x00000000   Code   RO         4022    .ARM.Collect$$libinit$$0000000E  c_w.l(libinit2.o)
    0x08000202   0x08000202   0x00000000   Code   RO         4025    .ARM.Collect$$libinit$$00000011  c_w.l(libinit2.o)
    0x08000202   0x08000202   0x00000000   Code   RO         4027    .ARM.Collect$$libinit$$00000013  c_w.l(libinit2.o)
    0x08000202   0x08000202   0x00000000   Code   RO         4029    .ARM.Collect$$libinit$$00000015  c_w.l(libinit2.o)
    0x08000202   0x08000202   0x00000000   Code   RO         4031    .ARM.Collect$$libinit$$00000017  c_w.l(libinit2.o)
    0x08000202   0x08000202   0x00000000   Code   RO         4033    .ARM.Collect$$libinit$$00000019  c_w.l(libinit2.o)
    0x08000202   0x08000202   0x00000000   Code   RO         4035    .ARM.Collect$$libinit$$0000001B  c_w.l(libinit2.o)
    0x08000202   0x08000202   0x00000000   Code   RO         4037    .ARM.Collect$$libinit$$0000001D  c_w.l(libinit2.o)
    0x08000202   0x08000202   0x00000000   Code   RO         4039    .ARM.Collect$$libinit$$0000001F  c_w.l(libinit2.o)
    0x08000202   0x08000202   0x00000000   Code   RO         4041    .ARM.Collect$$libinit$$00000021  c_w.l(libinit2.o)
    0x08000202   0x08000202   0x00000000   Code   RO         4043    .ARM.Collect$$libinit$$00000023  c_w.l(libinit2.o)
    0x08000202   0x08000202   0x00000000   Code   RO         4045    .ARM.Collect$$libinit$$00000025  c_w.l(libinit2.o)
    0x08000202   0x08000202   0x00000000   Code   RO         4049    .ARM.Collect$$libinit$$0000002C  c_w.l(libinit2.o)
    0x08000202   0x08000202   0x00000000   Code   RO         4051    .ARM.Collect$$libinit$$0000002E  c_w.l(libinit2.o)
    0x08000202   0x08000202   0x00000000   Code   RO         4053    .ARM.Collect$$libinit$$00000030  c_w.l(libinit2.o)
    0x08000202   0x08000202   0x00000000   Code   RO         4055    .ARM.Collect$$libinit$$00000032  c_w.l(libinit2.o)
    0x08000202   0x08000202   0x00000002   Code   RO         4056    .ARM.Collect$$libinit$$00000033  c_w.l(libinit2.o)
    0x08000204   0x08000204   0x00000002   Code   RO         4087    .ARM.Collect$$libshutdown$$00000000  c_w.l(libshutdown.o)
    0x08000206   0x08000206   0x00000000   Code   RO         4113    .ARM.Collect$$libshutdown$$00000002  c_w.l(libshutdown2.o)
    0x08000206   0x08000206   0x00000000   Code   RO         4115    .ARM.Collect$$libshutdown$$00000004  c_w.l(libshutdown2.o)
    0x08000206   0x08000206   0x00000000   Code   RO         4117    .ARM.Collect$$libshutdown$$00000006  c_w.l(libshutdown2.o)
    0x08000206   0x08000206   0x00000000   Code   RO         4120    .ARM.Collect$$libshutdown$$00000009  c_w.l(libshutdown2.o)
    0x08000206   0x08000206   0x00000000   Code   RO         4123    .ARM.Collect$$libshutdown$$0000000C  c_w.l(libshutdown2.o)
    0x08000206   0x08000206   0x00000000   Code   RO         4125    .ARM.Collect$$libshutdown$$0000000E  c_w.l(libshutdown2.o)
    0x08000206   0x08000206   0x00000000   Code   RO         4128    .ARM.Collect$$libshutdown$$00000011  c_w.l(libshutdown2.o)
    0x08000206   0x08000206   0x00000002   Code   RO         4129    .ARM.Collect$$libshutdown$$00000012  c_w.l(libshutdown2.o)
    0x08000208   0x08000208   0x00000000   Code   RO         3961    .ARM.Collect$$rtentry$$00000000  c_w.l(__rtentry.o)
    0x08000208   0x08000208   0x00000000   Code   RO         3971    .ARM.Collect$$rtentry$$00000002  c_w.l(__rtentry2.o)
    0x08000208   0x08000208   0x00000006   Code   RO         3983    .ARM.Collect$$rtentry$$00000004  c_w.l(__rtentry4.o)
    0x0800020e   0x0800020e   0x00000000   Code   RO         3973    .ARM.Collect$$rtentry$$00000009  c_w.l(__rtentry2.o)
    0x0800020e   0x0800020e   0x00000004   Code   RO         3974    .ARM.Collect$$rtentry$$0000000A  c_w.l(__rtentry2.o)
    0x08000212   0x08000212   0x00000000   Code   RO         3976    .ARM.Collect$$rtentry$$0000000C  c_w.l(__rtentry2.o)
    0x08000212   0x08000212   0x00000008   Code   RO         3977    .ARM.Collect$$rtentry$$0000000D  c_w.l(__rtentry2.o)
    0x0800021a   0x0800021a   0x00000002   Code   RO         4004    .ARM.Collect$$rtexit$$00000000  c_w.l(rtexit.o)
    0x0800021c   0x0800021c   0x00000000   Code   RO         4060    .ARM.Collect$$rtexit$$00000002  c_w.l(rtexit2.o)
    0x0800021c   0x0800021c   0x00000004   Code   RO         4061    .ARM.Collect$$rtexit$$00000003  c_w.l(rtexit2.o)
    0x08000220   0x08000220   0x00000006   Code   RO         4062    .ARM.Collect$$rtexit$$00000004  c_w.l(rtexit2.o)
    0x08000226   0x08000226   0x00000002   PAD
    0x08000228   0x08000228   0x000000be   Code   RO         3868    .emb_text           port.o
    0x080002e6   0x080002e6   0x00000002   PAD
    0x080002e8   0x080002e8   0x00000040   Code   RO            4    .text               startup_stm32f407xx.o
    0x08000328   0x08000328   0x000000ee   Code   RO         3947    .text               c_w.l(lludivv7m.o)
    0x08000416   0x08000416   0x0000008a   Code   RO         3949    .text               c_w.l(rt_memcpy_v6.o)
    0x080004a0   0x080004a0   0x00000010   Code   RO         3953    .text               c_w.l(aeabi_memset.o)
    0x080004b0   0x080004b0   0x0000004e   Code   RO         3955    .text               c_w.l(rt_memclr_w.o)
    0x080004fe   0x080004fe   0x00000006   Code   RO         3957    .text               c_w.l(heapauxi.o)
    0x08000504   0x08000504   0x00000064   Code   RO         3966    .text               c_w.l(rt_memcpy_w.o)
    0x08000568   0x08000568   0x00000044   Code   RO         3968    .text               c_w.l(rt_memclr.o)
    0x080005ac   0x080005ac   0x0000004a   Code   RO         3987    .text               c_w.l(sys_stackheap_outer.o)
    0x080005f6   0x080005f6   0x00000012   Code   RO         3989    .text               c_w.l(exit.o)
    0x08000608   0x08000608   0x00000008   Code   RO         4001    .text               c_w.l(libspace.o)
    0x08000610   0x08000610   0x0000000c   Code   RO         4057    .text               c_w.l(sys_exit.o)
    0x0800061c   0x0800061c   0x00000002   Code   RO         4076    .text               c_w.l(use_no_semi.o)
    0x0800061e   0x0800061e   0x00000000   Code   RO         4078    .text               c_w.l(indicate_semi.o)
    0x0800061e   0x0800061e   0x00000002   Code   RO          374    i.BusFault_Handler  stm32f4xx_it.o
    0x08000620   0x08000620   0x00000002   Code   RO          375    i.DebugMon_Handler  stm32f4xx_it.o
    0x08000622   0x08000622   0x00000002   PAD
    0x08000624   0x08000624   0x00000048   Code   RO         2055    i.Emm_V5_Vel_Control_YOU  emm_v5.o
    0x0800066c   0x0800066c   0x00000048   Code   RO         2056    i.Emm_V5_Vel_Control_ZUO  emm_v5.o
    0x080006b4   0x080006b4   0x00000004   Code   RO           13    i.Error_Handler     main.o
    0x080006b8   0x080006b8   0x00000092   Code   RO          949    i.HAL_DMA_Abort     stm32f4xx_hal_dma.o
    0x0800074a   0x0800074a   0x00000024   Code   RO          950    i.HAL_DMA_Abort_IT  stm32f4xx_hal_dma.o
    0x0800076e   0x0800076e   0x00000004   Code   RO          952    i.HAL_DMA_GetError  stm32f4xx_hal_dma.o
    0x08000772   0x08000772   0x00000002   PAD
    0x08000774   0x08000774   0x000001f0   Code   RO          842    i.HAL_GPIO_Init     stm32f4xx_hal_gpio.o
    0x08000964   0x08000964   0x0000000c   Code   RO         1392    i.HAL_GetTick       stm32f4xx_hal.o
    0x08000970   0x08000970   0x00000010   Code   RO         1398    i.HAL_IncTick       stm32f4xx_hal.o
    0x08000980   0x08000980   0x00000034   Code   RO         1399    i.HAL_Init          stm32f4xx_hal.o
    0x080009b4   0x080009b4   0x00000040   Code   RO         1400    i.HAL_InitTick      stm32f4xx_hal.o
    0x080009f4   0x080009f4   0x00000038   Code   RO          463    i.HAL_MspInit       stm32f4xx_hal_msp.o
    0x08000a2c   0x08000a2c   0x0000001a   Code   RO         1234    i.HAL_NVIC_EnableIRQ  stm32f4xx_hal_cortex.o
    0x08000a46   0x08000a46   0x00000002   PAD
    0x08000a48   0x08000a48   0x00000040   Code   RO         1240    i.HAL_NVIC_SetPriority  stm32f4xx_hal_cortex.o
    0x08000a88   0x08000a88   0x00000024   Code   RO         1241    i.HAL_NVIC_SetPriorityGrouping  stm32f4xx_hal_cortex.o
    0x08000aac   0x08000aac   0x00000134   Code   RO          488    i.HAL_RCC_ClockConfig  stm32f4xx_hal_rcc.o
    0x08000be0   0x08000be0   0x00000020   Code   RO          495    i.HAL_RCC_GetPCLK1Freq  stm32f4xx_hal_rcc.o
    0x08000c00   0x08000c00   0x00000020   Code   RO          496    i.HAL_RCC_GetPCLK2Freq  stm32f4xx_hal_rcc.o
    0x08000c20   0x08000c20   0x00000064   Code   RO          497    i.HAL_RCC_GetSysClockFreq  stm32f4xx_hal_rcc.o
    0x08000c84   0x08000c84   0x0000036c   Code   RO          500    i.HAL_RCC_OscConfig  stm32f4xx_hal_rcc.o
    0x08000ff0   0x08000ff0   0x00000028   Code   RO         1245    i.HAL_SYSTICK_Config  stm32f4xx_hal_cortex.o
    0x08001018   0x08001018   0x00000002   Code   RO         1649    i.HAL_UARTEx_RxEventCallback  stm32f4xx_hal_uart.o
    0x0800101a   0x0800101a   0x000000d2   Code   RO         1650    i.HAL_UART_Abort    stm32f4xx_hal_uart.o
    0x080010ec   0x080010ec   0x00000002   Code   RO         1663    i.HAL_UART_ErrorCallback  stm32f4xx_hal_uart.o
    0x080010ee   0x080010ee   0x00000002   PAD
    0x080010f0   0x080010f0   0x00000280   Code   RO         1666    i.HAL_UART_IRQHandler  stm32f4xx_hal_uart.o
    0x08001370   0x08001370   0x00000064   Code   RO         1667    i.HAL_UART_Init     stm32f4xx_hal_uart.o
    0x080013d4   0x080013d4   0x0000017c   Code   RO          315    i.HAL_UART_MspInit  usart.o
    0x08001550   0x08001550   0x0000001c   Code   RO         1672    i.HAL_UART_Receive_IT  stm32f4xx_hal_uart.o
    0x0800156c   0x0800156c   0x00000002   Code   RO         1673    i.HAL_UART_RxCpltCallback  stm32f4xx_hal_uart.o
    0x0800156e   0x0800156e   0x000000a0   Code   RO         1675    i.HAL_UART_Transmit  stm32f4xx_hal_uart.o
    0x0800160e   0x0800160e   0x00000002   Code   RO         1678    i.HAL_UART_TxCpltCallback  stm32f4xx_hal_uart.o
    0x08001610   0x08001610   0x00000002   Code   RO          376    i.HardFault_Handler  stm32f4xx_it.o
    0x08001612   0x08001612   0x00000004   Code   RO          230    i.MX_FREERTOS_Init  freertos.o
    0x08001616   0x08001616   0x00000002   PAD
    0x08001618   0x08001618   0x0000004c   Code   RO          206    i.MX_GPIO_Init      gpio.o
    0x08001664   0x08001664   0x00000038   Code   RO          316    i.MX_USART1_UART_Init  usart.o
    0x0800169c   0x0800169c   0x00000038   Code   RO          317    i.MX_USART2_UART_Init  usart.o
    0x080016d4   0x080016d4   0x00000038   Code   RO          318    i.MX_USART3_UART_Init  usart.o
    0x0800170c   0x0800170c   0x00000038   Code   RO          319    i.MX_USART6_UART_Init  usart.o
    0x08001744   0x08001744   0x00000002   Code   RO          377    i.MemManage_Handler  stm32f4xx_it.o
    0x08001746   0x08001746   0x00000002   Code   RO          378    i.NMI_Handler       stm32f4xx_it.o
    0x08001748   0x08001748   0x00000052   Code   RO          231    i.ProcessCommand    freertos.o
    0x0800179a   0x0800179a   0x0000001c   Code   RO          232    i.SendToLeftMotor   freertos.o
    0x080017b6   0x080017b6   0x0000001c   Code   RO          233    i.SendToRightMotor  freertos.o
    0x080017d2   0x080017d2   0x00000002   PAD
    0x080017d4   0x080017d4   0x0000002c   Code   RO          235    i.StartMovement     freertos.o
    0x08001800   0x08001800   0x00000018   Code   RO          379    i.SysTick_Handler   stm32f4xx_it.o
    0x08001818   0x08001818   0x00000094   Code   RO           14    i.SystemClock_Config  main.o
    0x080018ac   0x080018ac   0x00000010   Code   RO         2001    i.SystemInit        system_stm32f4xx.o
    0x080018bc   0x080018bc   0x0000000e   Code   RO         1680    i.UART_DMAAbortOnError  stm32f4xx_hal_uart.o
    0x080018ca   0x080018ca   0x0000004e   Code   RO         1690    i.UART_EndRxTransfer  stm32f4xx_hal_uart.o
    0x08001918   0x08001918   0x000000c2   Code   RO         1692    i.UART_Receive_IT   stm32f4xx_hal_uart.o
    0x080019da   0x080019da   0x00000002   PAD
    0x080019dc   0x080019dc   0x0000010c   Code   RO         1693    i.UART_SetConfig    stm32f4xx_hal_uart.o
    0x08001ae8   0x08001ae8   0x00000036   Code   RO         1695    i.UART_Start_Receive_IT  stm32f4xx_hal_uart.o
    0x08001b1e   0x08001b1e   0x00000072   Code   RO         1696    i.UART_WaitOnFlagUntilTimeout  stm32f4xx_hal_uart.o
    0x08001b90   0x08001b90   0x0000000c   Code   RO          380    i.USART1_IRQHandler  stm32f4xx_it.o
    0x08001b9c   0x08001b9c   0x00000070   Code   RO          381    i.USART2_IRQHandler  stm32f4xx_it.o
    0x08001c0c   0x08001c0c   0x00000070   Code   RO          382    i.USART3_IRQHandler  stm32f4xx_it.o
    0x08001c7c   0x08001c7c   0x0000007c   Code   RO          383    i.USART6_IRQHandler  stm32f4xx_it.o
    0x08001cf8   0x08001cf8   0x00000050   Code   RO          236    i.Uart6CommandTask  freertos.o
    0x08001d48   0x08001d48   0x00000002   Code   RO          384    i.UsageFault_Handler  stm32f4xx_it.o
    0x08001d4a   0x08001d4a   0x00000020   Code   RO         1247    i.__NVIC_SetPriority  stm32f4xx_hal_cortex.o
    0x08001d6a   0x08001d6a   0x00000002   PAD
    0x08001d6c   0x08001d6c   0x000000c0   Code   RO           15    i.main              main.o
    0x08001e2c   0x08001e2c   0x00000024   Code   RO         3324    i.osKernelInitialize  cmsis_os2.o
    0x08001e50   0x08001e50   0x00000038   Code   RO         3327    i.osKernelStart     cmsis_os2.o
    0x08001e88   0x08001e88   0x0000005c   Code   RO         2773    i.prvAddCurrentTaskToDelayedList  tasks.o
    0x08001ee4   0x08001ee4   0x000000d0   Code   RO         2774    i.prvAddNewTaskToReadyList  tasks.o
    0x08001fb4   0x08001fb4   0x00000058   Code   RO         3138    i.prvCheckForValidListAndQueue  timers.o
    0x0800200c   0x0800200c   0x00000026   Code   RO         2370    i.prvCopyDataFromQueue  queue.o
    0x08002032   0x08002032   0x0000006c   Code   RO         2371    i.prvCopyDataToQueue  queue.o
    0x0800209e   0x0800209e   0x00000034   Code   RO         2775    i.prvDeleteTCB      tasks.o
    0x080020d2   0x080020d2   0x00000002   PAD
    0x080020d4   0x080020d4   0x0000004c   Code   RO         3813    i.prvHeapInit       heap_4.o
    0x08002120   0x08002120   0x00000060   Code   RO         2776    i.prvIdleTask       tasks.o
    0x08002180   0x08002180   0x00000022   Code   RO         2373    i.prvInitialiseNewQueue  queue.o
    0x080021a2   0x080021a2   0x00000002   PAD
    0x080021a4   0x080021a4   0x000000b0   Code   RO         2777    i.prvInitialiseNewTask  tasks.o
    0x08002254   0x08002254   0x0000004c   Code   RO         3814    i.prvInsertBlockIntoFreeList  heap_4.o
    0x080022a0   0x080022a0   0x00000038   Code   RO         3140    i.prvInsertTimerInActiveList  timers.o
    0x080022d8   0x080022d8   0x0000001c   Code   RO         2374    i.prvIsQueueEmpty   queue.o
    0x080022f4   0x080022f4   0x000000fc   Code   RO         3141    i.prvProcessReceivedCommands  timers.o
    0x080023f0   0x080023f0   0x000000c0   Code   RO         3142    i.prvProcessTimerOrBlockTask  timers.o
    0x080024b0   0x080024b0   0x00000020   Code   RO         2779    i.prvResetNextTaskUnblockTime  tasks.o
    0x080024d0   0x080024d0   0x00000028   Code   RO         3143    i.prvSampleTimeNow  timers.o
    0x080024f8   0x080024f8   0x0000006c   Code   RO         3144    i.prvSwitchTimerLists  timers.o
    0x08002564   0x08002564   0x00000028   Code   RO         3869    i.prvTaskExitError  port.o
    0x0800258c   0x0800258c   0x00000024   Code   RO         3145    i.prvTimerTask      timers.o
    0x080025b0   0x080025b0   0x0000006a   Code   RO         2375    i.prvUnlockQueue    queue.o
    0x0800261a   0x0800261a   0x00000002   PAD
    0x0800261c   0x0800261c   0x000000dc   Code   RO         3815    i.pvPortMalloc      heap_4.o
    0x080026f8   0x080026f8   0x00000018   Code   RO         2782    i.pvTaskIncrementMutexHeldCount  tasks.o
    0x08002710   0x08002710   0x0000002c   Code   RO         3870    i.pxPortInitialiseStack  port.o
    0x0800273c   0x0800273c   0x00000026   Code   RO         2330    i.uxListRemove      list.o
    0x08002762   0x08002762   0x00000002   PAD
    0x08002764   0x08002764   0x00000014   Code   RO         3381    i.vApplicationGetIdleTaskMemory  cmsis_os2.o
    0x08002778   0x08002778   0x00000018   Code   RO         3382    i.vApplicationGetTimerTaskMemory  cmsis_os2.o
    0x08002790   0x08002790   0x00000016   Code   RO         2331    i.vListInitialise   list.o
    0x080027a6   0x080027a6   0x00000006   Code   RO         2332    i.vListInitialiseItem  list.o
    0x080027ac   0x080027ac   0x00000030   Code   RO         2333    i.vListInsert       list.o
    0x080027dc   0x080027dc   0x00000018   Code   RO         2334    i.vListInsertEnd    list.o
    0x080027f4   0x080027f4   0x00000040   Code   RO         3872    i.vPortEnterCritical  port.o
    0x08002834   0x08002834   0x00000028   Code   RO         3873    i.vPortExitCritical  port.o
    0x0800285c   0x0800285c   0x00000064   Code   RO         3816    i.vPortFree         heap_4.o
    0x080028c0   0x080028c0   0x00000024   Code   RO         3874    i.vPortSetupTimerInterrupt  port.o
    0x080028e4   0x080028e4   0x00000054   Code   RO         3875    i.vPortValidateInterruptPriority  port.o
    0x08002938   0x08002938   0x00000028   Code   RO         2381    i.vQueueAddToRegistry  queue.o
    0x08002960   0x08002960   0x00000044   Code   RO         2385    i.vQueueWaitForMessageRestricted  queue.o
    0x080029a4   0x080029a4   0x00000010   Code   RO         2797    i.vTaskInternalSetTimeOutState  tasks.o
    0x080029b4   0x080029b4   0x0000000c   Code   RO         2798    i.vTaskMissedYield  tasks.o
    0x080029c0   0x080029c0   0x00000030   Code   RO         2800    i.vTaskPlaceOnEventList  tasks.o
    0x080029f0   0x080029f0   0x00000038   Code   RO         2801    i.vTaskPlaceOnEventListRestricted  tasks.o
    0x08002a28   0x08002a28   0x00000090   Code   RO         2803    i.vTaskPriorityDisinheritAfterTimeout  tasks.o
    0x08002ab8   0x08002ab8   0x00000088   Code   RO         2809    i.vTaskStartScheduler  tasks.o
    0x08002b40   0x08002b40   0x00000010   Code   RO         2811    i.vTaskSuspendAll   tasks.o
    0x08002b50   0x08002b50   0x00000064   Code   RO         2812    i.vTaskSwitchContext  tasks.o
    0x08002bb4   0x08002bb4   0x000000f4   Code   RO         3876    i.xPortStartScheduler  port.o
    0x08002ca8   0x08002ca8   0x0000002c   Code   RO         3877    i.xPortSysTickHandler  port.o
    0x08002cd4   0x08002cd4   0x00000042   Code   RO         2390    i.xQueueGenericCreate  queue.o
    0x08002d16   0x08002d16   0x00000066   Code   RO         2391    i.xQueueGenericCreateStatic  queue.o
    0x08002d7c   0x08002d7c   0x00000088   Code   RO         2392    i.xQueueGenericReset  queue.o
    0x08002e04   0x08002e04   0x00000160   Code   RO         2393    i.xQueueGenericSend  queue.o
    0x08002f64   0x08002f64   0x000000be   Code   RO         2394    i.xQueueGenericSendFromISR  queue.o
    0x08003022   0x08003022   0x0000009c   Code   RO         2397    i.xQueueGiveFromISR  queue.o
    0x080030be   0x080030be   0x00000002   PAD
    0x080030c0   0x080030c0   0x00000138   Code   RO         2403    i.xQueueReceive     queue.o
    0x080031f8   0x080031f8   0x00000178   Code   RO         2405    i.xQueueSemaphoreTake  queue.o
    0x08003370   0x08003370   0x00000074   Code   RO         2814    i.xTaskCheckForTimeOut  tasks.o
    0x080033e4   0x080033e4   0x0000005a   Code   RO         2815    i.xTaskCreate       tasks.o
    0x0800343e   0x0800343e   0x00000056   Code   RO         2816    i.xTaskCreateStatic  tasks.o
    0x08003494   0x08003494   0x0000001c   Code   RO         2820    i.xTaskGetSchedulerState  tasks.o
    0x080034b0   0x080034b0   0x0000000c   Code   RO         2821    i.xTaskGetTickCount  tasks.o
    0x080034bc   0x080034bc   0x000000c8   Code   RO         2823    i.xTaskIncrementTick  tasks.o
    0x08003584   0x08003584   0x00000080   Code   RO         2826    i.xTaskPriorityDisinherit  tasks.o
    0x08003604   0x08003604   0x00000078   Code   RO         2827    i.xTaskPriorityInherit  tasks.o
    0x0800367c   0x0800367c   0x00000070   Code   RO         2828    i.xTaskRemoveFromEventList  tasks.o
    0x080036ec   0x080036ec   0x000000c4   Code   RO         2829    i.xTaskResumeAll    tasks.o
    0x080037b0   0x080037b0   0x00000060   Code   RO         3154    i.xTimerCreateTimerTask  timers.o
    0x08003810   0x08003810   0x00000068   Code   RO         3155    i.xTimerGenericCommand  timers.o
    0x08003878   0x08003878   0x0000000a   Code   RO         4072    x$fpl$fpinit        fz_wm.l(fpinit.o)
    0x08003882   0x08003882   0x00000010   Data   RO         2002    .constdata          system_stm32f4xx.o
    0x08003892   0x08003892   0x00000008   Data   RO         2003    .constdata          system_stm32f4xx.o
    0x0800389a   0x0800389a   0x00000002   PAD
    0x0800389c   0x0800389c   0x00000020   Data   RO         4130    Region$$Table       anon$$obj.o


    Execution Region RW_IRAM1 (Exec base: 0x20000000, Load base: 0x080038bc, Size: 0x000051b8, Max: 0x0001c000, ABSOLUTE)

    Exec Addr    Load Addr    Size         Type   Attr      Idx    E Section Name        Object

    0x20000000   0x080038bc   0x0000000c   Data   RW           17    .data               main.o
    0x2000000c   0x080038c8   0x00000002   Data   RW           18    .data               main.o
    0x2000000e   0x080038ca   0x00000002   Data   RW           19    .data               main.o
    0x20000010   0x080038cc   0x00000002   Data   RW           20    .data               main.o
    0x20000012   0x080038ce   0x00000002   PAD
    0x20000014   0x080038d0   0x0000000c   Data   RW         1406    .data               stm32f4xx_hal.o
    0x20000020   0x080038dc   0x00000004   Data   RW         2004    .data               system_stm32f4xx.o
    0x20000024   0x080038e0   0x0000003c   Data   RW         2832    .data               tasks.o
    0x20000060   0x0800391c   0x00000014   Data   RW         3163    .data               timers.o
    0x20000074   0x08003930   0x00000004   Data   RW         3384    .data               cmsis_os2.o
    0x20000078   0x08003934   0x00000020   Data   RW         3822    .data               heap_4.o
    0x20000098   0x08003954   0x0000000c   Data   RW         3878    .data               port.o
    0x200000a4        -       0x000000c0   Zero   RW           16    .bss                main.o
    0x20000164        -       0x00000120   Zero   RW          320    .bss                usart.o
    0x20000284        -       0x00000040   Zero   RW         2407    .bss                queue.o
    0x200002c4        -       0x000004c4   Zero   RW         2831    .bss                tasks.o
    0x20000788        -       0x00000118   Zero   RW         3162    .bss                timers.o
    0x200008a0        -       0x000006b8   Zero   RW         3383    .bss                cmsis_os2.o
    0x20000f58        -       0x00003c00   Zero   RW         3821    .bss                heap_4.o
    0x20004b58        -       0x00000060   Zero   RW         4002    .bss                c_w.l(libspace.o)
    0x20004bb8        -       0x00000200   Zero   RW            2    HEAP                startup_stm32f407xx.o
    0x20004db8        -       0x00000400   Zero   RW            1    STACK               startup_stm32f407xx.o


    Execution Region RW_IRAM2 (Exec base: 0x2001c000, Load base: 0x08003960, Size: 0x00000000, Max: 0x00004000, ABSOLUTE)

    **** No section assigned to this execution region ****


==============================================================================

Image component sizes


      Code (inc. data)   RO Data    RW Data    ZI Data      Debug   Object Name

       136         22          0          4       1720      60005   cmsis_os2.o
       144         12          0          0          0       1522   emm_v5.o
         0          0          0          0          0      19540   event_groups.o
       266         36          0          0          0       4946   freertos.o
        76          6          0          0          0        907   gpio.o
       472         24          0         32      15360       4967   heap_4.o
       138          0          0          0          0       3646   list.o
       344         28          0         18        192     676944   main.o
       786         82          0         12          0      11705   port.o
      2112         24          0          0         64      21960   queue.o
        64         26        392          0       1536        860   startup_stm32f407xx.o
       144         24          0         12          0       8893   stm32f4xx_hal.o
       198         14          0          0          0      33923   stm32f4xx_hal_cortex.o
       186          0          0          0          0       2750   stm32f4xx_hal_dma.o
       496         46          0          0          0       1564   stm32f4xx_hal_gpio.o
        56          4          0          0          0        902   stm32f4xx_hal_msp.o
      1348         76          0          0          0       5356   stm32f4xx_hal_rcc.o
      1868         14          0          0          0      13155   stm32f4xx_hal_uart.o
       396         64          0          0          0       7052   stm32f4xx_it.o
         0          0          0          0          0        392   stream_buffer.o
        16          4         24          4          0       1175   system_stm32f4xx.o
      2296        182          0         60       1220      29164   tasks.o
       972         80          0         20        280      29927   timers.o
       604         66          0          0        288       3969   usart.o

    ----------------------------------------------------------------------
     13146        834        450        164      20660     945224   Object Totals
         0          0         32          0          0          0   (incl. Generated)
        28          0          2          2          0          0   (incl. Padding)

    ----------------------------------------------------------------------

      Code (inc. data)   RO Data    RW Data    ZI Data      Debug   Library Member Name

         8          0          0          0          0         68   __main.o
         0          0          0          0          0          0   __rtentry.o
        12          0          0          0          0          0   __rtentry2.o
         6          0          0          0          0          0   __rtentry4.o
        52          8          0          0          0          0   __scatter.o
        26          0          0          0          0          0   __scatter_copy.o
        28          0          0          0          0          0   __scatter_zi.o
        16          0          0          0          0         68   aeabi_memset.o
        18          0          0          0          0         80   exit.o
         6          0          0          0          0        152   heapauxi.o
         0          0          0          0          0          0   indicate_semi.o
         2          0          0          0          0          0   libinit.o
         6          0          0          0          0          0   libinit2.o
         2          0          0          0          0          0   libshutdown.o
         2          0          0          0          0          0   libshutdown2.o
         8          4          0          0         96         68   libspace.o
       238          0          0          0          0        100   lludivv7m.o
        68          0          0          0          0         68   rt_memclr.o
        78          0          0          0          0         80   rt_memclr_w.o
       138          0          0          0          0         68   rt_memcpy_v6.o
       100          0          0          0          0         80   rt_memcpy_w.o
         2          0          0          0          0          0   rtexit.o
        10          0          0          0          0          0   rtexit2.o
        12          4          0          0          0         68   sys_exit.o
        74          0          0          0          0         80   sys_stackheap_outer.o
         2          0          0          0          0         68   use_no_semi.o
        10          0          0          0          0        116   fpinit.o

    ----------------------------------------------------------------------
       928         16          0          0         96       1164   Library Totals
         4          0          0          0          0          0   (incl. Padding)

    ----------------------------------------------------------------------

      Code (inc. data)   RO Data    RW Data    ZI Data      Debug   Library Name

       914         16          0          0         96       1048   c_w.l
        10          0          0          0          0        116   fz_wm.l

    ----------------------------------------------------------------------
       928         16          0          0         96       1164   Library Totals

    ----------------------------------------------------------------------

==============================================================================


      Code (inc. data)   RO Data    RW Data    ZI Data      Debug   

     14074        850        450        164      20756     933320   Grand Totals
     14074        850        450        164      20756     933320   ELF Image Totals
     14074        850        450        164          0          0   ROM Totals

==============================================================================

    Total RO  Size (Code + RO Data)                14524 (  14.18kB)
    Total RW  Size (RW Data + ZI Data)             20920 (  20.43kB)
    Total ROM Size (Code + RO Data + RW Data)      14688 (  14.34kB)

==============================================================================

